../Core/Src/polyvec.c:17:6:pqcrystals_dilithium_polyvec_matrix_expand	24	static
../Core/Src/polyvec.c:25:6:pqcrystals_dilithium_polyvec_matrix_pointwise_montgomery	24	static
../Core/Src/polyvec.c:36:6:pqcrystals_dilithium_polyvecl_uniform_eta	24	static
../Core/Src/polyvec.c:43:6:pqcrystals_dilithium_polyvecl_uniform_gamma1	32	static
../Core/Src/polyvec.c:57:6:pqcrystals_dilithium_polyvecl_reduce	8	static
../Core/Src/polyvec.c:91:6:pqcrystals_dilithium_polyvecl_add	24	static
../Core/Src/polyvec.c:111:6:pqcrystals_dilithium_polyvecl_ntt	8	static
../Core/Src/polyvec.c:118:6:pqcrystals_dilithium_polyvecl_invntt_tomont	24	static
../Core/Src/polyvec.c:130:6:pqcrystals_dilithium_polyvecl_pointwise_poly_montgomery	24	static
../Core/Src/polyvec.c:148:6:pqcrystals_dilithium_polyvecl_pointwise_acc_montgomery	24	static
../Core/Src/polyvec.c:172:5:pqcrystals_dilithium_polyvecl_chknorm	16	static
../Core/Src/polyvec.c:186:6:pqcrystals_dilithium_polyveck_uniform_eta	24	static
../Core/Src/polyvec.c:201:6:pqcrystals_dilithium_polyveck_reduce	8	static
../Core/Src/polyvec.c:216:6:pqcrystals_dilithium_polyveck_caddq	8	static
../Core/Src/polyvec.c:250:6:pqcrystals_dilithium_polyveck_add	24	static
../Core/Src/polyvec.c:268:6:pqcrystals_dilithium_polyveck_sub	24	static
../Core/Src/polyvec.c:283:6:pqcrystals_dilithium_polyveck_shiftl	8	static
../Core/Src/polyvec.c:298:6:pqcrystals_dilithium_polyveck_ntt	8	static
../Core/Src/polyvec.c:314:6:pqcrystals_dilithium_polyveck_invntt_tomont	8	static
../Core/Src/polyvec.c:321:6:pqcrystals_dilithium_polyveck_pointwise_poly_montgomery	24	static
../Core/Src/polyvec.c:341:5:pqcrystals_dilithium_polyveck_chknorm	16	static
../Core/Src/polyvec.c:365:6:pqcrystals_dilithium_polyveck_power2round	24	static
../Core/Src/polyvec.c:387:6:pqcrystals_dilithium_polyveck_decompose	24	static
../Core/Src/polyvec.c:405:14:pqcrystals_dilithium_polyveck_make_hint	24	static
../Core/Src/polyvec.c:427:6:pqcrystals_dilithium_polyveck_use_hint	24	static
../Core/Src/polyvec.c:434:6:pqcrystals_dilithium_polyveck_pack_w1	16	static
