../Core/Src/polyvec.c:16:6:PQCLEAN_MLDSA44_CLEAN_polyvec_matrix_expand	24	static
../Core/Src/polyvec.c:38:6:PQCLEAN_MLDSA44_CLEAN_polyvecl_uniform_eta	24	static
../Core/Src/polyvec.c:46:6:PQCLEAN_MLDSA44_CLEAN_polyvecl_uniform_gamma1	32	static
../Core/Src/polyvec.c:61:6:PQCLEAN_MLDSA44_CLEAN_polyvecl_reduce	8	static
../Core/Src/polyvec.c:79:6:PQCLEAN_MLDSA44_CLEAN_polyvecl_add	24	static
../Core/Src/polyvec.c:95:6:PQCLEAN_MLDSA44_CLEAN_polyvecl_ntt	8	static
../Core/Src/polyvec.c:103:6:PQCLEAN_MLDSA44_CLEAN_polyvecl_invntt_tomont	24	static
../Core/Src/polyvec.c:120:6:PQCLEAN_MLDSA44_CLEAN_polyvecl_pointwise_poly_montgomery	24	static
../Core/Src/polyvec.c:139:6:PQCLEAN_MLDSA44_CLEAN_polyvecl_pointwise_acc_montgomery	1048	static
../Core/Src/polyvec.c:26:6:PQCLEAN_MLDSA44_CLEAN_polyvec_matrix_pointwise_montgomery	24	static
../Core/Src/polyvec.c:164:5:PQCLEAN_MLDSA44_CLEAN_polyvecl_chknorm	16	static
../Core/Src/polyvec.c:180:6:PQCLEAN_MLDSA44_CLEAN_polyveck_uniform_eta	24	static
../Core/Src/polyvec.c:196:6:PQCLEAN_MLDSA44_CLEAN_polyveck_reduce	8	static
../Core/Src/polyvec.c:212:6:PQCLEAN_MLDSA44_CLEAN_polyveck_caddq	8	static
../Core/Src/polyvec.c:230:6:PQCLEAN_MLDSA44_CLEAN_polyveck_add	24	static
../Core/Src/polyvec.c:249:6:PQCLEAN_MLDSA44_CLEAN_polyveck_sub	24	static
../Core/Src/polyvec.c:265:6:PQCLEAN_MLDSA44_CLEAN_polyveck_shiftl	8	static
../Core/Src/polyvec.c:281:6:PQCLEAN_MLDSA44_CLEAN_polyveck_ntt	8	static
../Core/Src/polyvec.c:298:6:PQCLEAN_MLDSA44_CLEAN_polyveck_invntt_tomont	8	static
../Core/Src/polyvec.c:306:6:PQCLEAN_MLDSA44_CLEAN_polyveck_pointwise_poly_montgomery	24	static
../Core/Src/polyvec.c:327:5:PQCLEAN_MLDSA44_CLEAN_polyveck_chknorm	16	static
../Core/Src/polyvec.c:353:6:PQCLEAN_MLDSA44_CLEAN_polyveck_power2round	24	static
../Core/Src/polyvec.c:376:6:PQCLEAN_MLDSA44_CLEAN_polyveck_decompose	24	static
../Core/Src/polyvec.c:395:14:PQCLEAN_MLDSA44_CLEAN_polyveck_make_hint	24	static
../Core/Src/polyvec.c:417:6:PQCLEAN_MLDSA44_CLEAN_polyveck_use_hint	24	static
../Core/Src/polyvec.c:425:6:PQCLEAN_MLDSA44_CLEAN_polyveck_pack_w1	16	static
