Archive member included to satisfy reference by file (symbol)

/home/lz/st/stm32cubeide_1.19.0/plugins/com.st.stm32cube.ide.mcu.externaltools.gnu-tools-for-stm32.13.3.rel1.linux64_1.0.0.202410170706/tools/bin/../lib/gcc/arm-none-eabi/13.3.1/../../../../arm-none-eabi/lib/thumb/v7e-m+fp/hard/libc_nano.a(libc_a-exit.o)
                              /home/lz/st/stm32cubeide_1.19.0/plugins/com.st.stm32cube.ide.mcu.externaltools.gnu-tools-for-stm32.13.3.rel1.linux64_1.0.0.202410170706/tools/bin/../lib/gcc/arm-none-eabi/13.3.1/../../../../arm-none-eabi/lib/thumb/v7e-m+fp/hard/crt0.o (exit)
/home/lz/st/stm32cubeide_1.19.0/plugins/com.st.stm32cube.ide.mcu.externaltools.gnu-tools-for-stm32.13.3.rel1.linux64_1.0.0.202410170706/tools/bin/../lib/gcc/arm-none-eabi/13.3.1/../../../../arm-none-eabi/lib/thumb/v7e-m+fp/hard/libc_nano.a(libc_a-findfp.o)
                              /home/lz/st/stm32cubeide_1.19.0/plugins/com.st.stm32cube.ide.mcu.externaltools.gnu-tools-for-stm32.13.3.rel1.linux64_1.0.0.202410170706/tools/bin/../lib/gcc/arm-none-eabi/13.3.1/../../../../arm-none-eabi/lib/thumb/v7e-m+fp/hard/libc_nano.a(libc_a-exit.o) (__stdio_exit_handler)
/home/lz/st/stm32cubeide_1.19.0/plugins/com.st.stm32cube.ide.mcu.externaltools.gnu-tools-for-stm32.13.3.rel1.linux64_1.0.0.202410170706/tools/bin/../lib/gcc/arm-none-eabi/13.3.1/../../../../arm-none-eabi/lib/thumb/v7e-m+fp/hard/libc_nano.a(libc_a-fwalk.o)
                              /home/lz/st/stm32cubeide_1.19.0/plugins/com.st.stm32cube.ide.mcu.externaltools.gnu-tools-for-stm32.13.3.rel1.linux64_1.0.0.202410170706/tools/bin/../lib/gcc/arm-none-eabi/13.3.1/../../../../arm-none-eabi/lib/thumb/v7e-m+fp/hard/libc_nano.a(libc_a-findfp.o) (_fwalk_sglue)
/home/lz/st/stm32cubeide_1.19.0/plugins/com.st.stm32cube.ide.mcu.externaltools.gnu-tools-for-stm32.13.3.rel1.linux64_1.0.0.202410170706/tools/bin/../lib/gcc/arm-none-eabi/13.3.1/../../../../arm-none-eabi/lib/thumb/v7e-m+fp/hard/libc_nano.a(libc_a-stdio.o)
                              /home/lz/st/stm32cubeide_1.19.0/plugins/com.st.stm32cube.ide.mcu.externaltools.gnu-tools-for-stm32.13.3.rel1.linux64_1.0.0.202410170706/tools/bin/../lib/gcc/arm-none-eabi/13.3.1/../../../../arm-none-eabi/lib/thumb/v7e-m+fp/hard/libc_nano.a(libc_a-findfp.o) (__sread)
/home/lz/st/stm32cubeide_1.19.0/plugins/com.st.stm32cube.ide.mcu.externaltools.gnu-tools-for-stm32.13.3.rel1.linux64_1.0.0.202410170706/tools/bin/../lib/gcc/arm-none-eabi/13.3.1/../../../../arm-none-eabi/lib/thumb/v7e-m+fp/hard/libc_nano.a(libc_a-memset.o)
                              /home/lz/st/stm32cubeide_1.19.0/plugins/com.st.stm32cube.ide.mcu.externaltools.gnu-tools-for-stm32.13.3.rel1.linux64_1.0.0.202410170706/tools/bin/../lib/gcc/arm-none-eabi/13.3.1/../../../../arm-none-eabi/lib/thumb/v7e-m+fp/hard/crt0.o (memset)
/home/lz/st/stm32cubeide_1.19.0/plugins/com.st.stm32cube.ide.mcu.externaltools.gnu-tools-for-stm32.13.3.rel1.linux64_1.0.0.202410170706/tools/bin/../lib/gcc/arm-none-eabi/13.3.1/../../../../arm-none-eabi/lib/thumb/v7e-m+fp/hard/libc_nano.a(libc_a-closer.o)
                              /home/lz/st/stm32cubeide_1.19.0/plugins/com.st.stm32cube.ide.mcu.externaltools.gnu-tools-for-stm32.13.3.rel1.linux64_1.0.0.202410170706/tools/bin/../lib/gcc/arm-none-eabi/13.3.1/../../../../arm-none-eabi/lib/thumb/v7e-m+fp/hard/libc_nano.a(libc_a-stdio.o) (_close_r)
/home/lz/st/stm32cubeide_1.19.0/plugins/com.st.stm32cube.ide.mcu.externaltools.gnu-tools-for-stm32.13.3.rel1.linux64_1.0.0.202410170706/tools/bin/../lib/gcc/arm-none-eabi/13.3.1/../../../../arm-none-eabi/lib/thumb/v7e-m+fp/hard/libc_nano.a(libc_a-reent.o)
                              /home/lz/st/stm32cubeide_1.19.0/plugins/com.st.stm32cube.ide.mcu.externaltools.gnu-tools-for-stm32.13.3.rel1.linux64_1.0.0.202410170706/tools/bin/../lib/gcc/arm-none-eabi/13.3.1/../../../../arm-none-eabi/lib/thumb/v7e-m+fp/hard/libc_nano.a(libc_a-closer.o) (errno)
/home/lz/st/stm32cubeide_1.19.0/plugins/com.st.stm32cube.ide.mcu.externaltools.gnu-tools-for-stm32.13.3.rel1.linux64_1.0.0.202410170706/tools/bin/../lib/gcc/arm-none-eabi/13.3.1/../../../../arm-none-eabi/lib/thumb/v7e-m+fp/hard/libc_nano.a(libc_a-impure.o)
                              /home/lz/st/stm32cubeide_1.19.0/plugins/com.st.stm32cube.ide.mcu.externaltools.gnu-tools-for-stm32.13.3.rel1.linux64_1.0.0.202410170706/tools/bin/../lib/gcc/arm-none-eabi/13.3.1/../../../../arm-none-eabi/lib/thumb/v7e-m+fp/hard/libc_nano.a(libc_a-reent.o) (_impure_ptr)
/home/lz/st/stm32cubeide_1.19.0/plugins/com.st.stm32cube.ide.mcu.externaltools.gnu-tools-for-stm32.13.3.rel1.linux64_1.0.0.202410170706/tools/bin/../lib/gcc/arm-none-eabi/13.3.1/../../../../arm-none-eabi/lib/thumb/v7e-m+fp/hard/libc_nano.a(libc_a-lseekr.o)
[...]
Memory Configuration

Name             Origin             Length             Attributes
CCMRAM           0x10000000         0x00010000         xrw
RAM              0x20000000         0x00020000         xrw
FLASH            0x08000000         0x00100000         xr
*default*        0x00000000         0xffffffff

Linker script and memory map

LOAD /home/lz/st/stm32cubeide_1.19.0/plugins/com.st.stm32cube.ide.mcu.externaltools.gnu-tools-for-stm32.13.3.rel1.linux64_1.0.0.202410170706/tools/bin/../lib/gcc/arm-none-eabi/13.3.1/thumb/v7e-m+fp/hard/crti.o
LOAD /home/lz/st/stm32cubeide_1.19.0/plugins/com.st.stm32cube.ide.mcu.externaltools.gnu-tools-for-stm32.13.3.rel1.linux64_1.0.0.202410170706/tools/bin/../lib/gcc/arm-none-eabi/13.3.1/thumb/v7e-m+fp/hard/crtbegin.o
LOAD /home/lz/st/stm32cubeide_1.19.0/plugins/com.st.stm32cube.ide.mcu.externaltools.gnu-tools-for-stm32.13.3.rel1.linux64_1.0.0.202410170706/tools/bin/../lib/gcc/arm-none-eabi/13.3.1/../../../../arm-none-eabi/lib/thumb/v7e-m+fp/hard/crt0.o
LOAD ./Core/Src/fips202.o
LOAD ./Core/Src/gpio.o
LOAD ./Core/Src/keccakf1600.o
LOAD ./Core/Src/main.o
LOAD ./Core/Src/ntt.o
LOAD ./Core/Src/packing.o
LOAD ./Core/Src/poly.o
LOAD ./Core/Src/polyvec.o
LOAD ./Core/Src/reduce.o
LOAD ./Core/Src/rng.o
LOAD ./Core/Src/rounding.o
LOAD ./Core/Src/sign.o
LOAD ./Core/Src/stm32f4xx_hal_msp.o
LOAD ./Core/Src/stm32f4xx_it.o
LOAD ./Core/Src/symmetric-shake.o
LOAD ./Core/Src/syscalls.o
LOAD ./Core/Src/sysmem.o
LOAD ./Core/Src/system_stm32f4xx.o
LOAD ./Core/Src/usart.o
LOAD ./Core/Startup/startup_stm32f407vgtx.o
LOAD ./Drivers/STM32F4xx_HAL_Driver/Src/stm32f4xx_hal.o
LOAD ./Drivers/STM32F4xx_HAL_Driver/Src/stm32f4xx_hal_cortex.o
LOAD ./Drivers/STM32F4xx_HAL_Driver/Src/stm32f4xx_hal_dma.o
LOAD ./Drivers/STM32F4xx_HAL_Driver/Src/stm32f4xx_hal_dma_ex.o
LOAD ./Drivers/STM32F4xx_HAL_Driver/Src/stm32f4xx_hal_exti.o
LOAD ./Drivers/STM32F4xx_HAL_Driver/Src/stm32f4xx_hal_flash.o
LOAD ./Drivers/STM32F4xx_HAL_Driver/Src/stm32f4xx_hal_flash_ex.o
LOAD ./Drivers/STM32F4xx_HAL_Driver/Src/stm32f4xx_hal_flash_ramfunc.o
LOAD ./Drivers/STM32F4xx_HAL_Driver/Src/stm32f4xx_hal_gpio.o
LOAD ./Drivers/STM32F4xx_HAL_Driver/Src/stm32f4xx_hal_pwr.o
LOAD ./Drivers/STM32F4xx_HAL_Driver/Src/stm32f4xx_hal_pwr_ex.o
LOAD ./Drivers/STM32F4xx_HAL_Driver/Src/stm32f4xx_hal_rcc.o
LOAD ./Drivers/STM32F4xx_HAL_Driver/Src/stm32f4xx_hal_rcc_ex.o
LOAD ./Drivers/STM32F4xx_HAL_Driver/Src/stm32f4xx_hal_uart.o
START GROUP
LOAD /home/lz/st/stm32cubeide_1.19.0/plugins/com.st.stm32cube.ide.mcu.externaltools.gnu-tools-for-stm32.13.3.rel1.linux64_1.0.0.202410170706/tools/bin/../lib/gcc/arm-none-eabi/13.3.1/../../../../arm-none-eabi/lib/thumb/v7e-m+fp/hard/libc_nano.a
LOAD /home/lz/st/stm32cubeide_1.19.0/plugins/com.st.stm32cube.ide.mcu.externaltools.gnu-tools-for-stm32.13.3.rel1.linux64_1.0.0.202410170706/tools/bin/../lib/gcc/arm-none-eabi/13.3.1/../../../../arm-none-eabi/lib/thumb/v7e-m+fp/hard/libm.a
END GROUP
START GROUP
LOAD /home/lz/st/stm32cubeide_1.19.0/plugins/com.st.stm32cube.ide.mcu.externaltools.gnu-tools-for-stm32.13.3.rel1.linux64_1.0.0.202410170706/tools/bin/../lib/gcc/arm-none-eabi/13.3.1/thumb/v7e-m+fp/hard/libgcc.a
LOAD /home/lz/st/stm32cubeide_1.19.0/plugins/com.st.stm32cube.ide.mcu.externaltools.gnu-tools-for-stm32.13.3.rel1.linux64_1.0.0.202410170706/tools/bin/../lib/gcc/arm-none-eabi/13.3.1/../../../../arm-none-eabi/lib/thumb/v7e-m+fp/hard/libc_nano.a
END GROUP
START GROUP
LOAD /home/lz/st/stm32cubeide_1.19.0/plugins/com.st.stm32cube.ide.mcu.externaltools.gnu-tools-for-stm32.13.3.rel1.linux64_1.0.0.202410170706/tools/bin/../lib/gcc/arm-none-eabi/13.3.1/thumb/v7e-m+fp/hard/libgcc.a
LOAD /home/lz/st/stm32cubeide_1.19.0/plugins/com.st.stm32cube.ide.mcu.externaltools.gnu-tools-for-stm32.13.3.rel1.linux64_1.0.0.202410170706/tools/bin/../lib/gcc/arm-none-eabi/13.3.1/../../../../arm-none-eabi/lib/thumb/v7e-m+fp/hard/libc_nano.a
LOAD /home/lz/st/stm32cubeide_1.19.0/plugins/com.st.stm32cube.ide.mcu.externaltools.gnu-tools-for-stm32.13.3.rel1.linux64_1.0.0.202410170706/tools/bin/../lib/gcc/arm-none-eabi/13.3.1/../../../../arm-none-eabi/lib/thumb/v7e-m+fp/hard/libnosys.a
END GROUP
START GROUP
LOAD /home/lz/st/stm32cubeide_1.19.0/plugins/com.st.stm32cube.ide.mcu.externaltools.gnu-tools-for-stm32.13.3.rel1.linux64_1.0.0.202410170706/tools/bin/../lib/gcc/arm-none-eabi/13.3.1/thumb/v7e-m+fp/hard/libgcc.a
LOAD /home/lz/st/stm32cubeide_1.19.0/plugins/com.st.stm32cube.ide.mcu.externaltools.gnu-tools-for-stm32.13.3.rel1.linux64_1.0.0.202410170706/tools/bin/../lib/gcc/arm-none-eabi/13.3.1/../../../../arm-none-eabi/lib/thumb/v7e-m+fp/hard/libc_nano.a
LOAD /home/lz/st/stm32cubeide_1.19.0/plugins/com.st.stm32cube.ide.mcu.externaltools.gnu-tools-for-stm32.13.3.rel1.linux64_1.0.0.202410170706/tools/bin/../lib/gcc/arm-none-eabi/13.3.1/../../../../arm-none-eabi/lib/thumb/v7e-m+fp/hard/libnosys.a
END GROUP
LOAD /home/lz/st/stm32cubeide_1.19.0/plugins/com.st.stm32cube.ide.mcu.externaltools.gnu-tools-for-stm32.13.3.rel1.linux64_1.0.0.202410170706/tools/bin/../lib/gcc/arm-none-eabi/13.3.1/thumb/v7e-m+fp/hard/crtend.o
LOAD /home/lz/st/stm32cubeide_1.19.0/plugins/com.st.stm32cube.ide.mcu.externaltools.gnu-tools-for-stm32.13.3.rel1.linux64_1.0.0.202410170706/tools/bin/../lib/gcc/arm-none-eabi/13.3.1/thumb/v7e-m+fp/hard/crtn.o
                0x20020000                        _estack = (ORIGIN (RAM) + LENGTH (RAM))
                0x00004000                        _Min_Heap_Size = 0x4000
                0x00004000                        _Min_Stack_Size = 0x4000

.isr_vector     0x08000000      0x188
                0x08000000                        . = ALIGN (0x4)
 *(.isr_vector)
 .isr_vector    0x08000000      0x188 ./Core/Startup/startup_stm32f407vgtx.o
                0x08000000                g_pfnVectors
                0x08000188                        . = ALIGN (0x4)

.text           0x08000188     0x4dd4
                0x08000188                        . = ALIGN (0x4)
 *(.text)
 .text          0x08000188       0x40 /home/lz/st/stm32cubeide_1.19.0/plugins/com.st.stm32cube.ide.mcu.externaltools.gnu-tools-for-stm32.13.3.rel1.linux64_1.0.0.202410170706/tools/bin/../lib/gcc/arm-none-eabi/13.3.1/thumb/v7e-m+fp/hard/crtbegin.o
 .text          0x080001c8       0x10 /home/lz/st/stm32cubeide_1.19.0/plugins/com.st.stm32cube.ide.mcu.externaltools.gnu-tools-for-stm32.13.3.rel1.linux64_1.0.0.202410170706/tools/bin/../lib/gcc/arm-none-eabi/13.3.1/../../../../arm-none-eabi/lib/thumb/v7e-m+fp/hard/libc_nano.a(libc_a-strlen.o)
                0x080001c8                strlen
 .text          0x080001d8       0x30 /home/lz/st/stm32cubeide_1.19.0/plugins/com.st.stm32cube.ide.mcu.externaltools.gnu-tools-for-stm32.13.3.rel1.linux64_1.0.0.202410170706/tools/bin/../lib/gcc/arm-none-eabi/13.3.1/thumb/v7e-m+fp/hard/libgcc.a(_aeabi_uldivmod.o)
                0x080001d8                __aeabi_uldivmod
 .text          0x08000208      0x2f8 /home/lz/st/stm32cubeide_1.19.0/plugins/com.st.stm32cube.ide.mcu.externaltools.gnu-tools-for-stm32.13.3.rel1.linux64_1.0.0.202410170706/tools/bin/../lib/gcc/arm-none-eabi/13.3.1/thumb/v7e-m+fp/hard/libgcc.a(_udivmoddi4.o)
                0x08000208                __udivmoddi4
 .text          0x08000500        0x4 /home/lz/st/stm32cubeide_1.19.0/plugins/com.st.stm32cube.ide.mcu.externaltools.gnu-tools-for-stm32.13.3.rel1.linux64_1.0.0.202410170706/tools/bin/../lib/gcc/arm-none-eabi/13.3.1/thumb/v7e-m+fp/hard/libgcc.a(_dvmd_tls.o)
                0x08000500                __aeabi_ldiv0
                0x08000500                __aeabi_idiv0
 *(.text*)
 .text.shake128_inc_init
                0x08000504       0x18 ./Core/Src/fips202.o
                0x08000504                shake128_inc_init
 .text.shake128_inc_absorb
                0x0800051c       0x78 ./Core/Src/fips202.o
                0x0800051c                shake128_inc_absorb
 .text.shake128_inc_finalize
                0x08000594       0x58 ./Core/Src/fips202.o
                0x08000594                shake128_inc_finalize
 .text.shake128_inc_squeeze
                0x080005ec       0x8c ./Core/Src/fips202.o
                0x080005ec                shake128_inc_squeeze
 .text.shake128_inc_ctx_release
                0x08000678        0x4 ./Core/Src/fips202.o
                0x08000678                shake128_inc_ctx_release
 .text.shake256_inc_init
                0x0800067c       0x18 ./Core/Src/fips202.o
                0x0800067c                shake256_inc_init
 .text.shake256_inc_absorb
                0x08000694       0x78 ./Core/Src/fips202.o
                0x08000694                shake256_inc_absorb
 .text.shake256_inc_finalize
                0x0800070c       0x58 ./Core/Src/fips202.o
                0x0800070c                shake256_inc_finalize
 .text.shake256_inc_squeeze
                0x08000764       0x8c ./Core/Src/fips202.o
                0x08000764                shake256_inc_squeeze
 .text.shake256_inc_ctx_release
                0x080007f0        0x4 ./Core/Src/fips202.o
                0x080007f0                shake256_inc_ctx_release
 .text.shake256
                0x080007f4      0x108 ./Core/Src/fips202.o
                0x080007f4                shake256
 .text.MX_GPIO_Init
                0x080008fc       0x7c ./Core/Src/gpio.o
                0x080008fc                MX_GPIO_Init
 .text.KeccakF1600_StateExtractBytes
                0x08000978       0x50 ./Core/Src/keccakf1600.o
                0x08000978                KeccakF1600_StateExtractBytes
 .text.KeccakF1600_StateXORBytes
                0x080009c8       0x54 ./Core/Src/keccakf1600.o
                0x080009c8                KeccakF1600_StateXORBytes
 .text.KeccakF1600_StatePermute
                0x08000a1c     0x1150 ./Core/Src/keccakf1600.o
                0x08000a1c                KeccakF1600_StatePermute
 .text.cal_sign_rej_num
                0x08001b6c       0x90 ./Core/Src/main.o
                0x08001b6c                cal_sign_rej_num
 .text.sign     0x08001bfc       0x80 ./Core/Src/main.o
                0x08001bfc                sign
 .text.test_algorithm
                0x08001c7c      0x124 ./Core/Src/main.o
                0x08001c7c                test_algorithm
 .text.SystemClock_Config
                0x08001da0       0xa4 ./Core/Src/main.o
                0x08001da0                SystemClock_Config
 .text.startup.main
                0x08001e44      0x168 ./Core/Src/main.o
                0x08001e44                main
 .text.Error_Handler
                0x08001fac        0x4 ./Core/Src/main.o
                0x08001fac                Error_Handler
 .text.PQCLEAN_MLDSA44_CLEAN_ntt
                0x08001fb0       0xc0 ./Core/Src/ntt.o
                0x08001fb0                PQCLEAN_MLDSA44_CLEAN_ntt
 .text.PQCLEAN_MLDSA44_CLEAN_invntt_tomont
                0x08002070       0xc8 ./Core/Src/ntt.o
                0x08002070                PQCLEAN_MLDSA44_CLEAN_invntt_tomont
 .text.PQCLEAN_MLDSA44_CLEAN_pack_pk
                0x08002138       0x64 ./Core/Src/packing.o
                0x08002138                PQCLEAN_MLDSA44_CLEAN_pack_pk
 .text.PQCLEAN_MLDSA44_CLEAN_unpack_pk
                0x0800219c       0x64 ./Core/Src/packing.o
                0x0800219c                PQCLEAN_MLDSA44_CLEAN_unpack_pk
 .text.PQCLEAN_MLDSA44_CLEAN_pack_sk
                0x08002200      0x13c ./Core/Src/packing.o
                0x08002200                PQCLEAN_MLDSA44_CLEAN_pack_sk
 .text.PQCLEAN_MLDSA44_CLEAN_unpack_sk
                0x0800233c      0x14c ./Core/Src/packing.o
                0x0800233c                PQCLEAN_MLDSA44_CLEAN_unpack_sk
 .text.PQCLEAN_MLDSA44_CLEAN_pack_sig
                0x08002488       0xa0 ./Core/Src/packing.o
                0x08002488                PQCLEAN_MLDSA44_CLEAN_pack_sig
 .text.PQCLEAN_MLDSA44_CLEAN_unpack_sig
                0x08002528       0xf4 ./Core/Src/packing.o
                0x08002528                PQCLEAN_MLDSA44_CLEAN_unpack_sig
 .text.PQCLEAN_MLDSA44_CLEAN_poly_reduce
                0x0800261c       0x18 ./Core/Src/poly.o
                0x0800261c                PQCLEAN_MLDSA44_CLEAN_poly_reduce
 .text.PQCLEAN_MLDSA44_CLEAN_poly_caddq
                0x08002634       0x18 ./Core/Src/poly.o
                0x08002634                PQCLEAN_MLDSA44_CLEAN_poly_caddq
 .text.PQCLEAN_MLDSA44_CLEAN_poly_add
                0x0800264c       0x28 ./Core/Src/poly.o
                0x0800264c                PQCLEAN_MLDSA44_CLEAN_poly_add
 .text.PQCLEAN_MLDSA44_CLEAN_poly_sub
                0x08002674       0x28 ./Core/Src/poly.o
                0x08002674                PQCLEAN_MLDSA44_CLEAN_poly_sub
 .text.PQCLEAN_MLDSA44_CLEAN_poly_shiftl
                0x0800269c       0x14 ./Core/Src/poly.o
                0x0800269c                PQCLEAN_MLDSA44_CLEAN_poly_shiftl
 .text.PQCLEAN_MLDSA44_CLEAN_poly_ntt
                0x080026b0        0x4 ./Core/Src/poly.o
                0x080026b0                PQCLEAN_MLDSA44_CLEAN_poly_ntt
 .text.PQCLEAN_MLDSA44_CLEAN_poly_invntt_tomont
                0x080026b4        0x4 ./Core/Src/poly.o
                0x080026b4                PQCLEAN_MLDSA44_CLEAN_poly_invntt_tomont
 .text.PQCLEAN_MLDSA44_CLEAN_poly_pointwise_montgomery
                0x080026b8       0x28 ./Core/Src/poly.o
                0x080026b8                PQCLEAN_MLDSA44_CLEAN_poly_pointwise_montgomery
 .text.PQCLEAN_MLDSA44_CLEAN_poly_power2round
                0x080026e0       0x24 ./Core/Src/poly.o
                0x080026e0                PQCLEAN_MLDSA44_CLEAN_poly_power2round
 .text.PQCLEAN_MLDSA44_CLEAN_poly_decompose
                0x08002704       0x24 ./Core/Src/poly.o
                0x08002704                PQCLEAN_MLDSA44_CLEAN_poly_decompose
 .text.PQCLEAN_MLDSA44_CLEAN_poly_make_hint
                0x08002728       0x2c ./Core/Src/poly.o
                0x08002728                PQCLEAN_MLDSA44_CLEAN_poly_make_hint
 .text.PQCLEAN_MLDSA44_CLEAN_poly_use_hint
                0x08002754       0x24 ./Core/Src/poly.o
                0x08002754                PQCLEAN_MLDSA44_CLEAN_poly_use_hint
 .text.PQCLEAN_MLDSA44_CLEAN_poly_chknorm
                0x08002778       0x30 ./Core/Src/poly.o
                0x08002778                PQCLEAN_MLDSA44_CLEAN_poly_chknorm
 .text.PQCLEAN_MLDSA44_CLEAN_poly_uniform
                0x080027a8      0x100 ./Core/Src/poly.o
                0x080027a8                PQCLEAN_MLDSA44_CLEAN_poly_uniform
 .text.PQCLEAN_MLDSA44_CLEAN_poly_uniform_eta
                0x080028a8      0x118 ./Core/Src/poly.o
                0x080028a8                PQCLEAN_MLDSA44_CLEAN_poly_uniform_eta
 .text.PQCLEAN_MLDSA44_CLEAN_poly_challenge
                0x080029c0       0xd8 ./Core/Src/poly.o
                0x080029c0                PQCLEAN_MLDSA44_CLEAN_poly_challenge
 .text.PQCLEAN_MLDSA44_CLEAN_polyeta_pack
                0x08002a98       0x88 ./Core/Src/poly.o
                0x08002a98                PQCLEAN_MLDSA44_CLEAN_polyeta_pack
 .text.PQCLEAN_MLDSA44_CLEAN_polyeta_unpack
                0x08002b20       0xa4 ./Core/Src/poly.o
                0x08002b20                PQCLEAN_MLDSA44_CLEAN_polyeta_unpack
 .text.PQCLEAN_MLDSA44_CLEAN_polyt1_pack
                0x08002bc4       0x44 ./Core/Src/poly.o
                0x08002bc4                PQCLEAN_MLDSA44_CLEAN_polyt1_pack
 .text.PQCLEAN_MLDSA44_CLEAN_polyt1_unpack
                0x08002c08       0x58 ./Core/Src/poly.o
                0x08002c08                PQCLEAN_MLDSA44_CLEAN_polyt1_unpack
 .text.PQCLEAN_MLDSA44_CLEAN_polyt0_pack
                0x08002c60       0xe0 ./Core/Src/poly.o
                0x08002c60                PQCLEAN_MLDSA44_CLEAN_polyt0_pack
 .text.PQCLEAN_MLDSA44_CLEAN_polyt0_unpack
                0x08002d40       0xfc ./Core/Src/poly.o
                0x08002d40                PQCLEAN_MLDSA44_CLEAN_polyt0_unpack
 .text.PQCLEAN_MLDSA44_CLEAN_polyz_pack
                0x08002e3c       0x80 ./Core/Src/poly.o
                0x08002e3c                PQCLEAN_MLDSA44_CLEAN_polyz_pack
 .text.PQCLEAN_MLDSA44_CLEAN_polyz_unpack
                0x08002ebc       0xa0 ./Core/Src/poly.o
                0x08002ebc                PQCLEAN_MLDSA44_CLEAN_polyz_unpack
 .text.PQCLEAN_MLDSA44_CLEAN_poly_uniform_gamma1
                0x08002f5c       0x34 ./Core/Src/poly.o
                0x08002f5c                PQCLEAN_MLDSA44_CLEAN_poly_uniform_gamma1
 .text.PQCLEAN_MLDSA44_CLEAN_polyw1_pack
                0x08002f90       0x4c ./Core/Src/poly.o
                0x08002f90                PQCLEAN_MLDSA44_CLEAN_polyw1_pack
 .text.PQCLEAN_MLDSA44_CLEAN_polyvec_matrix_expand
                0x08002fdc       0x3c ./Core/Src/polyvec.o
                0x08002fdc                PQCLEAN_MLDSA44_CLEAN_polyvec_matrix_expand
 .text.PQCLEAN_MLDSA44_CLEAN_polyvecl_uniform_eta
                0x08003018       0x24 ./Core/Src/polyvec.o
                0x08003018                PQCLEAN_MLDSA44_CLEAN_polyvecl_uniform_eta
 .text.PQCLEAN_MLDSA44_CLEAN_polyvecl_uniform_gamma1
                0x0800303c       0x50 ./Core/Src/polyvec.o
                0x0800303c                PQCLEAN_MLDSA44_CLEAN_polyvecl_uniform_gamma1
 .text.PQCLEAN_MLDSA44_CLEAN_polyvecl_reduce
                0x0800308c       0x24 ./Core/Src/polyvec.o
                0x0800308c                PQCLEAN_MLDSA44_CLEAN_polyvecl_reduce
 .text.PQCLEAN_MLDSA44_CLEAN_polyvecl_add
                0x080030b0       0x20 ./Core/Src/polyvec.o
                0x080030b0                PQCLEAN_MLDSA44_CLEAN_polyvecl_add
 .text.PQCLEAN_MLDSA44_CLEAN_polyvecl_ntt
                0x080030d0       0x24 ./Core/Src/polyvec.o
                0x080030d0                PQCLEAN_MLDSA44_CLEAN_polyvecl_ntt
 .text.PQCLEAN_MLDSA44_CLEAN_polyvecl_invntt_tomont
                0x080030f4       0x68 ./Core/Src/polyvec.o
                0x080030f4                PQCLEAN_MLDSA44_CLEAN_polyvecl_invntt_tomont
 .text.PQCLEAN_MLDSA44_CLEAN_polyvecl_pointwise_poly_montgomery
                0x0800315c       0x20 ./Core/Src/polyvec.o
                0x0800315c                PQCLEAN_MLDSA44_CLEAN_polyvecl_pointwise_poly_montgomery
 .text.PQCLEAN_MLDSA44_CLEAN_polyvecl_pointwise_acc_montgomery
                0x0800317c       0x38 ./Core/Src/polyvec.o
                0x0800317c                PQCLEAN_MLDSA44_CLEAN_polyvecl_pointwise_acc_montgomery
 .text.PQCLEAN_MLDSA44_CLEAN_polyvec_matrix_pointwise_montgomery
                0x080031b4       0x24 ./Core/Src/polyvec.o
                0x080031b4                PQCLEAN_MLDSA44_CLEAN_polyvec_matrix_pointwise_montgomery
 .text.PQCLEAN_MLDSA44_CLEAN_polyvecl_chknorm
                0x080031d8       0x24 ./Core/Src/polyvec.o
                0x080031d8                PQCLEAN_MLDSA44_CLEAN_polyvecl_chknorm
 .text.PQCLEAN_MLDSA44_CLEAN_polyveck_uniform_eta
                0x080031fc       0x24 ./Core/Src/polyvec.o
                0x080031fc                PQCLEAN_MLDSA44_CLEAN_polyveck_uniform_eta
 .text.PQCLEAN_MLDSA44_CLEAN_polyveck_reduce
                0x08003220       0x24 ./Core/Src/polyvec.o
                0x08003220                PQCLEAN_MLDSA44_CLEAN_polyveck_reduce
 .text.PQCLEAN_MLDSA44_CLEAN_polyveck_caddq
                0x08003244       0x24 ./Core/Src/polyvec.o
                0x08003244                PQCLEAN_MLDSA44_CLEAN_polyveck_caddq
 .text.PQCLEAN_MLDSA44_CLEAN_polyveck_add
                0x08003268       0x20 ./Core/Src/polyvec.o
                0x08003268                PQCLEAN_MLDSA44_CLEAN_polyveck_add
 .text.PQCLEAN_MLDSA44_CLEAN_polyveck_sub
                0x08003288       0x20 ./Core/Src/polyvec.o
                0x08003288                PQCLEAN_MLDSA44_CLEAN_polyveck_sub
 .text.PQCLEAN_MLDSA44_CLEAN_polyveck_shiftl
                0x080032a8       0x24 ./Core/Src/polyvec.o
                0x080032a8                PQCLEAN_MLDSA44_CLEAN_polyveck_shiftl
 .text.PQCLEAN_MLDSA44_CLEAN_polyveck_ntt
                0x080032cc       0x24 ./Core/Src/polyvec.o
                0x080032cc                PQCLEAN_MLDSA44_CLEAN_polyveck_ntt
 .text.PQCLEAN_MLDSA44_CLEAN_polyveck_invntt_tomont
                0x080032f0       0x24 ./Core/Src/polyvec.o
                0x080032f0                PQCLEAN_MLDSA44_CLEAN_polyveck_invntt_tomont
 .text.PQCLEAN_MLDSA44_CLEAN_polyveck_pointwise_poly_montgomery
                0x08003314       0x20 ./Core/Src/polyvec.o
                0x08003314                PQCLEAN_MLDSA44_CLEAN_polyveck_pointwise_poly_montgomery
 .text.PQCLEAN_MLDSA44_CLEAN_polyveck_chknorm
                0x08003334       0x24 ./Core/Src/polyvec.o
                0x08003334                PQCLEAN_MLDSA44_CLEAN_polyveck_chknorm
 .text.PQCLEAN_MLDSA44_CLEAN_polyveck_power2round
                0x08003358       0x20 ./Core/Src/polyvec.o
                0x08003358                PQCLEAN_MLDSA44_CLEAN_polyveck_power2round
 .text.PQCLEAN_MLDSA44_CLEAN_polyveck_decompose
                0x08003378       0x20 ./Core/Src/polyvec.o
                0x08003378                PQCLEAN_MLDSA44_CLEAN_polyveck_decompose
 .text.PQCLEAN_MLDSA44_CLEAN_polyveck_make_hint
                0x08003398       0x2c ./Core/Src/polyvec.o
                0x08003398                PQCLEAN_MLDSA44_CLEAN_polyveck_make_hint
 .text.PQCLEAN_MLDSA44_CLEAN_polyveck_use_hint
                0x080033c4       0x20 ./Core/Src/polyvec.o
                0x080033c4                PQCLEAN_MLDSA44_CLEAN_polyveck_use_hint
 .text.PQCLEAN_MLDSA44_CLEAN_polyveck_pack_w1
                0x080033e4       0x20 ./Core/Src/polyvec.o
                0x080033e4                PQCLEAN_MLDSA44_CLEAN_polyveck_pack_w1
 .text.PQCLEAN_MLDSA44_CLEAN_montgomery_reduce
                0x08003404       0x24 ./Core/Src/reduce.o
                0x08003404                PQCLEAN_MLDSA44_CLEAN_montgomery_reduce
 .text.PQCLEAN_MLDSA44_CLEAN_reduce32
                0x08003428       0x18 ./Core/Src/reduce.o
                0x08003428                PQCLEAN_MLDSA44_CLEAN_reduce32
 .text.PQCLEAN_MLDSA44_CLEAN_caddq
                0x08003440       0x10 ./Core/Src/reduce.o
                0x08003440                PQCLEAN_MLDSA44_CLEAN_caddq
 .text.randombytes_init
                0x08003450        0xc ./Core/Src/rng.o
                0x08003450                randombytes_init
 .text.randombytes
                0x0800345c       0x38 ./Core/Src/rng.o
                0x0800345c                randombytes
 .text.PQCLEAN_MLDSA44_CLEAN_power2round
                0x08003494       0x14 ./Core/Src/rounding.o
                0x08003494                PQCLEAN_MLDSA44_CLEAN_power2round
 .text.PQCLEAN_MLDSA44_CLEAN_decompose
                0x080034a8       0x48 ./Core/Src/rounding.o
                0x080034a8                PQCLEAN_MLDSA44_CLEAN_decompose
 .text.PQCLEAN_MLDSA44_CLEAN_make_hint
                0x080034f0       0x20 ./Core/Src/rounding.o
                0x080034f0                PQCLEAN_MLDSA44_CLEAN_make_hint
 .text.PQCLEAN_MLDSA44_CLEAN_use_hint
                0x08003510       0x5c ./Core/Src/rounding.o
                0x08003510                PQCLEAN_MLDSA44_CLEAN_use_hint
 .text.PQCLEAN_MLDSA44_CLEAN_crypto_sign_keypair
                0x0800356c      0x104 ./Core/Src/sign.o
                0x0800356c                PQCLEAN_MLDSA44_CLEAN_crypto_sign_keypair
 .text.PQCLEAN_MLDSA44_CLEAN_crypto_sign_signature_ctx
                0x08003670      0x50c ./Core/Src/sign.o
                0x08003670                PQCLEAN_MLDSA44_CLEAN_crypto_sign_signature_ctx
 .text.PQCLEAN_MLDSA44_CLEAN_crypto_sign_verify_ctx
                0x08003b7c      0x1d8 ./Core/Src/sign.o
                0x08003b7c                PQCLEAN_MLDSA44_CLEAN_crypto_sign_verify_ctx
 .text.PQCLEAN_MLDSA44_CLEAN_crypto_sign
                0x08003d54       0x4c ./Core/Src/sign.o
                0x08003d54                PQCLEAN_MLDSA44_CLEAN_crypto_sign
 .text.PQCLEAN_MLDSA44_CLEAN_crypto_sign_open
                0x08003da0       0x80 ./Core/Src/sign.o
                0x08003da0                PQCLEAN_MLDSA44_CLEAN_crypto_sign_open
 .text.HAL_MspInit
                0x08003e20       0x38 ./Core/Src/stm32f4xx_hal_msp.o
                0x08003e20                HAL_MspInit
 .text.NMI_Handler
                0x08003e58        0x4 ./Core/Src/stm32f4xx_it.o
                0x08003e58                NMI_Handler
 .text.HardFault_Handler
                0x08003e5c        0x4 ./Core/Src/stm32f4xx_it.o
                0x08003e5c                HardFault_Handler
 .text.MemManage_Handler
                0x08003e60        0x4 ./Core/Src/stm32f4xx_it.o
                0x08003e60                MemManage_Handler
 .text.BusFault_Handler
                0x08003e64        0x4 ./Core/Src/stm32f4xx_it.o
                0x08003e64                BusFault_Handler
 .text.UsageFault_Handler
                0x08003e68        0x4 ./Core/Src/stm32f4xx_it.o
                0x08003e68                UsageFault_Handler
 .text.SVC_Handler
                0x08003e6c        0x4 ./Core/Src/stm32f4xx_it.o
                0x08003e6c                SVC_Handler
 .text.DebugMon_Handler
                0x08003e70        0x4 ./Core/Src/stm32f4xx_it.o
                0x08003e70                DebugMon_Handler
 .text.PendSV_Handler
                0x08003e74        0x4 ./Core/Src/stm32f4xx_it.o
                0x08003e74                PendSV_Handler
 .text.SysTick_Handler
                0x08003e78        0x4 ./Core/Src/stm32f4xx_it.o
                0x08003e78                SysTick_Handler
 .text.PQCLEAN_MLDSA44_CLEAN_dilithium_shake128_stream_init
                0x08003e7c       0x30 ./Core/Src/symmetric-shake.o
                0x08003e7c                PQCLEAN_MLDSA44_CLEAN_dilithium_shake128_stream_init
 .text.PQCLEAN_MLDSA44_CLEAN_dilithium_shake256_stream_init
                0x08003eac       0x30 ./Core/Src/symmetric-shake.o
                0x08003eac                PQCLEAN_MLDSA44_CLEAN_dilithium_shake256_stream_init
 .text.SystemInit
                0x08003edc       0x14 ./Core/Src/system_stm32f4xx.o
                0x08003edc                SystemInit
 .text.MX_USART2_UART_Init
                0x08003ef0       0x38 ./Core/Src/usart.o
                0x08003ef0                MX_USART2_UART_Init
 .text.HAL_UART_MspInit
                0x08003f28       0x78 ./Core/Src/usart.o
                0x08003f28                HAL_UART_MspInit
 .text.Reset_Handler
                0x08003fa0       0x50 ./Core/Startup/startup_stm32f407vgtx.o
                0x08003fa0                Reset_Handler
 .text.Default_Handler
                0x08003ff0        0x2 ./Core/Startup/startup_stm32f407vgtx.o
                0x08003ff0                RTC_Alarm_IRQHandler
                0x08003ff0                HASH_RNG_IRQHandler
                0x08003ff0                EXTI2_IRQHandler
                0x08003ff0                TIM8_CC_IRQHandler
                0x08003ff0                TIM1_CC_IRQHandler
                0x08003ff0                DMA2_Stream5_IRQHandler
                0x08003ff0                DMA1_Stream5_IRQHandler
                0x08003ff0                PVD_IRQHandler
                0x08003ff0                SDIO_IRQHandler
                0x08003ff0                TAMP_STAMP_IRQHandler
                0x08003ff0                CAN2_RX1_IRQHandler
                0x08003ff0                EXTI3_IRQHandler
                0x08003ff0                TIM8_TRG_COM_TIM14_IRQHandler
                0x08003ff0                TIM1_UP_TIM10_IRQHandler
                0x08003ff0                TIM8_UP_TIM13_IRQHandler
                0x08003ff0                I2C3_ER_IRQHandler
                0x08003ff0                EXTI0_IRQHandler
                0x08003ff0                I2C2_EV_IRQHandler
                0x08003ff0                DMA1_Stream2_IRQHandler
                0x08003ff0                CAN1_RX0_IRQHandler
                0x08003ff0                FPU_IRQHandler
                0x08003ff0                OTG_HS_WKUP_IRQHandler
                0x08003ff0                CAN2_SCE_IRQHandler
                0x08003ff0                DMA2_Stream2_IRQHandler
                0x08003ff0                SPI1_IRQHandler
                0x08003ff0                TIM6_DAC_IRQHandler
                0x08003ff0                TIM1_BRK_TIM9_IRQHandler
                0x08003ff0                DCMI_IRQHandler
                0x08003ff0                CAN2_RX0_IRQHandler
                0x08003ff0                DMA2_Stream3_IRQHandler
                0x08003ff0                USART6_IRQHandler
                0x08003ff0                USART3_IRQHandler
                0x08003ff0                CAN1_RX1_IRQHandler
                0x08003ff0                UART5_IRQHandler
                0x08003ff0                DMA2_Stream0_IRQHandler
                0x08003ff0                TIM4_IRQHandler
                0x08003ff0                I2C1_EV_IRQHandler
                0x08003ff0                DMA1_Stream6_IRQHandler
                0x08003ff0                DMA1_Stream1_IRQHandler
                0x08003ff0                UART4_IRQHandler
                0x08003ff0                TIM3_IRQHandler
                0x08003ff0                RCC_IRQHandler
                0x08003ff0                TIM8_BRK_TIM12_IRQHandler
                0x08003ff0                Default_Handler
                0x08003ff0                EXTI15_10_IRQHandler
                0x08003ff0                ADC_IRQHandler
                0x08003ff0                DMA1_Stream7_IRQHandler
                0x08003ff0                TIM7_IRQHandler
                0x08003ff0                CAN2_TX_IRQHandler
                0x08003ff0                TIM5_IRQHandler
                0x08003ff0                DMA2_Stream7_IRQHandler
                0x08003ff0                I2C3_EV_IRQHandler
                0x08003ff0                EXTI9_5_IRQHandler
                0x08003ff0                RTC_WKUP_IRQHandler
                0x08003ff0                ETH_WKUP_IRQHandler
                0x08003ff0                SPI2_IRQHandler
                0x08003ff0                OTG_HS_EP1_IN_IRQHandler
                0x08003ff0                DMA1_Stream0_IRQHandler
                0x08003ff0                CAN1_TX_IRQHandler
                0x08003ff0                EXTI4_IRQHandler
                0x08003ff0                FSMC_IRQHandler
                0x08003ff0                ETH_IRQHandler
                0x08003ff0                OTG_HS_EP1_OUT_IRQHandler
                0x08003ff0                WWDG_IRQHandler
                0x08003ff0                TIM2_IRQHandler
                0x08003ff0                OTG_FS_WKUP_IRQHandler
                0x08003ff0                TIM1_TRG_COM_TIM11_IRQHandler
                0x08003ff0                OTG_HS_IRQHandler
                0x08003ff0                EXTI1_IRQHandler
                0x08003ff0                USART2_IRQHandler
                0x08003ff0                I2C2_ER_IRQHandler
                0x08003ff0                DMA2_Stream1_IRQHandler
                0x08003ff0                CAN1_SCE_IRQHandler
                0x08003ff0                FLASH_IRQHandler
                0x08003ff0                DMA2_Stream4_IRQHandler
                0x08003ff0                USART1_IRQHandler
                0x08003ff0                OTG_FS_IRQHandler
                0x08003ff0                SPI3_IRQHandler
                0x08003ff0                DMA1_Stream4_IRQHandler
                0x08003ff0                I2C1_ER_IRQHandler
                0x08003ff0                DMA2_Stream6_IRQHandler
                0x08003ff0                DMA1_Stream3_IRQHandler
 *fill*         0x08003ff2        0x2 
 .text.HAL_InitTick
                0x08003ff4       0x48 ./Drivers/STM32F4xx_HAL_Driver/Src/stm32f4xx_hal.o
                0x08003ff4                HAL_InitTick
 .text.HAL_Init
                0x0800403c       0x34 ./Drivers/STM32F4xx_HAL_Driver/Src/stm32f4xx_hal.o
                0x0800403c                HAL_Init
 .text.HAL_IncTick
                0x08004070       0x18 ./Drivers/STM32F4xx_HAL_Driver/Src/stm32f4xx_hal.o
                0x08004070                HAL_IncTick
 .text.HAL_GetTick
                0x08004088        0xc ./Drivers/STM32F4xx_HAL_Driver/Src/stm32f4xx_hal.o
                0x08004088                HAL_GetTick
 .text.HAL_NVIC_SetPriorityGrouping
                0x08004094       0x24 ./Drivers/STM32F4xx_HAL_Driver/Src/stm32f4xx_hal_cortex.o
                0x08004094                HAL_NVIC_SetPriorityGrouping
 .text.HAL_NVIC_SetPriority
                0x080040b8       0x78 ./Drivers/STM32F4xx_HAL_Driver/Src/stm32f4xx_hal_cortex.o
                0x080040b8                HAL_NVIC_SetPriority
 .text.HAL_SYSTICK_Config
                0x08004130       0x34 ./Drivers/STM32F4xx_HAL_Driver/Src/stm32f4xx_hal_cortex.o
                0x08004130                HAL_SYSTICK_Config
 .text.HAL_GPIO_Init
                0x08004164      0x3d4 ./Drivers/STM32F4xx_HAL_Driver/Src/stm32f4xx_hal_gpio.o
                0x08004164                HAL_GPIO_Init
 .text.HAL_GPIO_WritePin
                0x08004538        0x8 ./Drivers/STM32F4xx_HAL_Driver/Src/stm32f4xx_hal_gpio.o
                0x08004538                HAL_GPIO_WritePin
 .text.HAL_RCC_OscConfig
                0x08004540      0x3c4 ./Drivers/STM32F4xx_HAL_Driver/Src/stm32f4xx_hal_rcc.o
                0x08004540                HAL_RCC_OscConfig
 .text.HAL_RCC_GetSysClockFreq
                0x08004904       0x68 ./Drivers/STM32F4xx_HAL_Driver/Src/stm32f4xx_hal_rcc.o
                0x08004904                HAL_RCC_GetSysClockFreq
 .text.HAL_RCC_ClockConfig
                0x0800496c      0x13c ./Drivers/STM32F4xx_HAL_Driver/Src/stm32f4xx_hal_rcc.o
                0x0800496c                HAL_RCC_ClockConfig
 .text.HAL_RCC_GetPCLK1Freq
                0x08004aa8       0x20 ./Drivers/STM32F4xx_HAL_Driver/Src/stm32f4xx_hal_rcc.o
                0x08004aa8                HAL_RCC_GetPCLK1Freq
 .text.HAL_RCC_GetPCLK2Freq
                0x08004ac8       0x20 ./Drivers/STM32F4xx_HAL_Driver/Src/stm32f4xx_hal_rcc.o
                0x08004ac8                HAL_RCC_GetPCLK2Freq
 .text.HAL_UART_Init
                0x08004ae8      0x124 ./Drivers/STM32F4xx_HAL_Driver/Src/stm32f4xx_hal_uart.o
                0x08004ae8                HAL_UART_Init
 .text.HAL_UART_Transmit
                0x08004c0c      0x108 ./Drivers/STM32F4xx_HAL_Driver/Src/stm32f4xx_hal_uart.o
                0x08004c0c                HAL_UART_Transmit
 .text.HAL_UART_Receive
                0x08004d14      0x1bc ./Drivers/STM32F4xx_HAL_Driver/Src/stm32f4xx_hal_uart.o
                0x08004d14                HAL_UART_Receive
 .text.memset   0x08004ed0       0x10 /home/lz/st/stm32cubeide_1.19.0/plugins/com.st.stm32cube.ide.mcu.externaltools.gnu-tools-for-stm32.13.3.rel1.linux64_1.0.0.202410170706/tools/bin/../lib/gcc/arm-none-eabi/13.3.1/../../../../arm-none-eabi/lib/thumb/v7e-m+fp/hard/libc_nano.a(libc_a-memset.o)
                0x08004ed0                memset
 .text.__libc_init_array
                0x08004ee0       0x48 /home/lz/st/stm32cubeide_1.19.0/plugins/com.st.stm32cube.ide.mcu.externaltools.gnu-tools-for-stm32.13.3.rel1.linux64_1.0.0.202410170706/tools/bin/../lib/gcc/arm-none-eabi/13.3.1/../../../../arm-none-eabi/lib/thumb/v7e-m+fp/hard/libc_nano.a(libc_a-init.o)
                0x08004ee0                __libc_init_array
 .text.memcpy   0x08004f28       0x1c /home/lz/st/stm32cubeide_1.19.0/plugins/com.st.stm32cube.ide.mcu.externaltools.gnu-tools-for-stm32.13.3.rel1.linux64_1.0.0.202410170706/tools/bin/../lib/gcc/arm-none-eabi/13.3.1/../../../../arm-none-eabi/lib/thumb/v7e-m+fp/hard/libc_nano.a(libc_a-memcpy-stub.o)
                0x08004f28                memcpy
 *(.glue_7)
 .glue_7        0x08004f44        0x0 linker stubs
 *(.glue_7t)
 .glue_7t       0x08004f44        0x0 linker stubs
 *(.eh_frame)
 .eh_frame      0x08004f44        0x0 /home/lz/st/stm32cubeide_1.19.0/plugins/com.st.stm32cube.ide.mcu.externaltools.gnu-tools-for-stm32.13.3.rel1.linux64_1.0.0.202410170706/tools/bin/../lib/gcc/arm-none-eabi/13.3.1/thumb/v7e-m+fp/hard/crtbegin.o
 *(.init)
 .init          0x08004f44        0x4 /home/lz/st/stm32cubeide_1.19.0/plugins/com.st.stm32cube.ide.mcu.externaltools.gnu-tools-for-stm32.13.3.rel1.linux64_1.0.0.202410170706/tools/bin/../lib/gcc/arm-none-eabi/13.3.1/thumb/v7e-m+fp/hard/crti.o
                0x08004f44                _init
 .init          0x08004f48        0x8 /home/lz/st/stm32cubeide_1.19.0/plugins/com.st.stm32cube.ide.mcu.externaltools.gnu-tools-for-stm32.13.3.rel1.linux64_1.0.0.202410170706/tools/bin/../lib/gcc/arm-none-eabi/13.3.1/thumb/v7e-m+fp/hard/crtn.o
 *(.fini)
 .fini          0x08004f50        0x4 /home/lz/st/stm32cubeide_1.19.0/plugins/com.st.stm32cube.ide.mcu.externaltools.gnu-tools-for-stm32.13.3.rel1.linux64_1.0.0.202410170706/tools/bin/../lib/gcc/arm-none-eabi/13.3.1/thumb/v7e-m+fp/hard/crti.o
                0x08004f50                _fini
 .fini          0x08004f54        0x8 /home/lz/st/stm32cubeide_1.19.0/plugins/com.st.stm32cube.ide.mcu.externaltools.gnu-tools-for-stm32.13.3.rel1.linux64_1.0.0.202410170706/tools/bin/../lib/gcc/arm-none-eabi/13.3.1/thumb/v7e-m+fp/hard/crtn.o
                0x08004f5c                        . = ALIGN (0x4)
                0x08004f5c                        _etext = .

.vfp11_veneer   0x08004f5c        0x0
 .vfp11_veneer  0x08004f5c        0x0 linker stubs

.v4_bx          0x08004f5c        0x0
 .v4_bx         0x08004f5c        0x0 linker stubs

.iplt           0x08004f5c        0x0
 .iplt          0x08004f5c        0x0 /home/lz/st/stm32cubeide_1.19.0/plugins/com.st.stm32cube.ide.mcu.externaltools.gnu-tools-for-stm32.13.3.rel1.linux64_1.0.0.202410170706/tools/bin/../lib/gcc/arm-none-eabi/13.3.1/thumb/v7e-m+fp/hard/crtbegin.o

.rodata         0x08004f60      0x53c
                0x08004f60                        . = ALIGN (0x4)
 *(.rodata)
 *(.rodata*)
 .rodata.KeccakF_RoundConstants
                0x08004f60       0xc0 ./Core/Src/keccakf1600.o
 .rodata.test_algorithm.str1.4
                0x08005020       0x63 ./Core/Src/main.o
                                 0x5f (size before relaxing)
 *fill*         0x08005083        0x1 
 .rodata.zetas  0x08005084      0x400 ./Core/Src/ntt.o
 .rodata.APBPrescTable
                0x08005484        0x8 ./Core/Src/system_stm32f4xx.o
                0x08005484                APBPrescTable
 .rodata.AHBPrescTable
                0x0800548c       0x10 ./Core/Src/system_stm32f4xx.o
                0x0800548c                AHBPrescTable
                0x0800549c                        . = ALIGN (0x4)

.ARM.extab      0x0800549c        0x0
                0x0800549c                        . = ALIGN (0x4)
 *(.ARM.extab* .gnu.linkonce.armextab.*)
                0x0800549c                        . = ALIGN (0x4)

.ARM            0x0800549c        0x8
                0x0800549c                        . = ALIGN (0x4)
                0x0800549c                        __exidx_start = .
 *(.ARM.exidx*)
 .ARM.exidx     0x0800549c        0x8 /home/lz/st/stm32cubeide_1.19.0/plugins/com.st.stm32cube.ide.mcu.externaltools.gnu-tools-for-stm32.13.3.rel1.linux64_1.0.0.202410170706/tools/bin/../lib/gcc/arm-none-eabi/13.3.1/../../../../arm-none-eabi/lib/thumb/v7e-m+fp/hard/libc_nano.a(libc_a-strlen.o)
 .ARM.exidx     0x080054a4        0x0 /home/lz/st/stm32cubeide_1.19.0/plugins/com.st.stm32cube.ide.mcu.externaltools.gnu-tools-for-stm32.13.3.rel1.linux64_1.0.0.202410170706/tools/bin/../lib/gcc/arm-none-eabi/13.3.1/thumb/v7e-m+fp/hard/libgcc.a(_udivmoddi4.o)
                                  0x8 (size before relaxing)
                0x080054a4                        __exidx_end = .
                0x080054a4                        . = ALIGN (0x4)

.preinit_array  0x080054a4        0x0
                0x080054a4                        . = ALIGN (0x4)
                0x080054a4                        PROVIDE (__preinit_array_start = .)
 *(.preinit_array*)
                0x080054a4                        PROVIDE (__preinit_array_end = .)
                0x080054a4                        . = ALIGN (0x4)

.init_array     0x080054a4        0x4
                0x080054a4                        . = ALIGN (0x4)
                0x080054a4                        PROVIDE (__init_array_start = .)
 *(SORT_BY_NAME(.init_array.*))
 *(.init_array*)
 .init_array    0x080054a4        0x4 /home/lz/st/stm32cubeide_1.19.0/plugins/com.st.stm32cube.ide.mcu.externaltools.gnu-tools-for-stm32.13.3.rel1.linux64_1.0.0.202410170706/tools/bin/../lib/gcc/arm-none-eabi/13.3.1/thumb/v7e-m+fp/hard/crtbegin.o
                0x080054a8                        PROVIDE (__init_array_end = .)
                0x080054a8                        . = ALIGN (0x4)

.fini_array     0x080054a8        0x4
                0x080054a8                        . = ALIGN (0x4)
                [!provide]                        PROVIDE (__fini_array_start = .)
 *(SORT_BY_NAME(.fini_array.*))
 *(.fini_array*)
 .fini_array    0x080054a8        0x4 /home/lz/st/stm32cubeide_1.19.0/plugins/com.st.stm32cube.ide.mcu.externaltools.gnu-tools-for-stm32.13.3.rel1.linux64_1.0.0.202410170706/tools/bin/../lib/gcc/arm-none-eabi/13.3.1/thumb/v7e-m+fp/hard/crtbegin.o
                [!provide]                        PROVIDE (__fini_array_end = .)
                0x080054ac                        . = ALIGN (0x4)
                0x080054ac                        _sidata = LOADADDR (.data)

.rel.dyn        0x080054ac        0x0
 .rel.iplt      0x080054ac        0x0 /home/lz/st/stm32cubeide_1.19.0/plugins/com.st.stm32cube.ide.mcu.externaltools.gnu-tools-for-stm32.13.3.rel1.linux64_1.0.0.202410170706/tools/bin/../lib/gcc/arm-none-eabi/13.3.1/thumb/v7e-m+fp/hard/crtbegin.o

.data           0x20000000       0x18 load address 0x080054ac
                0x20000000                        . = ALIGN (0x4)
                0x20000000                        _sdata = .
 *(.data)
 *(.data*)
 .data.done_flag
                0x20000000        0x5 ./Core/Src/main.o
                0x20000000                done_flag
 *fill*         0x20000005        0x3 
 .data.seed     0x20000008        0x4 ./Core/Src/main.o
                0x20000008                seed
 .data.SystemCoreClock
                0x2000000c        0x4 ./Core/Src/system_stm32f4xx.o
                0x2000000c                SystemCoreClock
 .data.uwTickFreq
                0x20000010        0x1 ./Drivers/STM32F4xx_HAL_Driver/Src/stm32f4xx_hal.o
                0x20000010                uwTickFreq
 *fill*         0x20000011        0x3 
 .data.uwTickPrio
                0x20000014        0x4 ./Drivers/STM32F4xx_HAL_Driver/Src/stm32f4xx_hal.o
                0x20000014                uwTickPrio
 *(.RamFunc)
 *(.RamFunc*)
                0x20000018                        . = ALIGN (0x4)
                0x20000018                        _edata = .
                0x080054c4                        _siccmram = LOADADDR (.ccmram)

.igot.plt       0x20000018        0x0 load address 0x080054c4
 .igot.plt      0x20000018        0x0 /home/lz/st/stm32cubeide_1.19.0/plugins/com.st.stm32cube.ide.mcu.externaltools.gnu-tools-for-stm32.13.3.rel1.linux64_1.0.0.202410170706/tools/bin/../lib/gcc/arm-none-eabi/13.3.1/thumb/v7e-m+fp/hard/crtbegin.o

.ccmram         0x10000000        0x0 load address 0x080054c4
                0x10000000                        . = ALIGN (0x4)
                0x10000000                        _sccmram = .
 *(.ccmram)
 *(.ccmram*)
                0x10000000                        . = ALIGN (0x4)
                0x10000000                        _eccmram = .
                0x10000000                        . = ALIGN (0x4)

.bss            0x20000018     0x251c
                0x20000018                        _sbss = .
                0x20000018                        __bss_start__ = _sbss
 *(.bss)
 .bss           0x20000018       0x1c /home/lz/st/stm32cubeide_1.19.0/plugins/com.st.stm32cube.ide.mcu.externaltools.gnu-tools-for-stm32.13.3.rel1.linux64_1.0.0.202410170706/tools/bin/../lib/gcc/arm-none-eabi/13.3.1/thumb/v7e-m+fp/hard/crtbegin.o
 *(.bss*)
 .bss.tmp       0x20000034        0x4 ./Core/Src/main.o
                0x20000034                tmp
 .bss.poly_idx  0x20000038        0x4 ./Core/Src/main.o
                0x20000038                poly_idx
 .bss.trigger_idx
                0x2000003c        0x4 ./Core/Src/main.o
                0x2000003c                trigger_idx
 .bss.rej_num   0x20000040        0x4 ./Core/Src/main.o
                0x20000040                rej_num
 .bss.sk        0x20000044      0xa00 ./Core/Src/main.o
                0x20000044                sk
 .bss.pk        0x20000a44      0x520 ./Core/Src/main.o
                0x20000a44                pk
 .bss.sm        0x20000f64      0xd74 ./Core/Src/main.o
                0x20000f64                sm
 .bss.m2        0x20001cd8      0x400 ./Core/Src/main.o
                0x20001cd8                m2
 .bss.m         0x200020d8      0x400 ./Core/Src/main.o
                0x200020d8                m
 .bss.mlen2     0x200024d8        0x4 ./Core/Src/main.o
                0x200024d8                mlen2
 .bss.smlen     0x200024dc        0x4 ./Core/Src/main.o
                0x200024dc                smlen
 .bss.mlen      0x200024e0        0x4 ./Core/Src/main.o
                0x200024e0                mlen
 .bss.lfsr_state
                0x200024e4        0x4 ./Core/Src/rng.o
 .bss.huart2    0x200024e8       0x48 ./Core/Src/usart.o
                0x200024e8                huart2
 .bss.uwTick    0x20002530        0x4 ./Drivers/STM32F4xx_HAL_Driver/Src/stm32f4xx_hal.o
                0x20002530                uwTick
 *(COMMON)
                0x20002534                        . = ALIGN (0x4)
                0x20002534                        _ebss = .
                0x20002534                        __bss_end__ = _ebss

._user_heap_stack
                0x20002534     0x8004
                0x20002538                        . = ALIGN (0x8)
 *fill*         0x20002534        0x4 
                [!provide]                        PROVIDE (end = .)
                0x20002538                        PROVIDE (_end = .)
                0x20006538                        . = (. + _Min_Heap_Size)
 *fill*         0x20002538     0x4000 
                0x2000a538                        . = (. + _Min_Stack_Size)
 *fill*         0x20006538     0x4000 
                0x2000a538                        . = ALIGN (0x8)

/DISCARD/
 libc.a(*)
 libm.a(*)
 libgcc.a(*)

.ARM.attributes
                0x00000000       0x30
 *(.ARM.attributes)
 .ARM.attributes
                0x00000000       0x22 /home/lz/st/stm32cubeide_1.19.0/plugins/com.st.stm32cube.ide.mcu.externaltools.gnu-tools-for-stm32.13.3.rel1.linux64_1.0.0.202410170706/tools/bin/../lib/gcc/arm-none-eabi/13.3.1/thumb/v7e-m+fp/hard/crti.o
 .ARM.attributes
                0x00000022       0x34 /home/lz/st/stm32cubeide_1.19.0/plugins/com.st.stm32cube.ide.mcu.externaltools.gnu-tools-for-stm32.13.3.rel1.linux64_1.0.0.202410170706/tools/bin/../lib/gcc/arm-none-eabi/13.3.1/thumb/v7e-m+fp/hard/crtbegin.o
 .ARM.attributes
                0x00000056       0x34 ./Core/Src/fips202.o
 .ARM.attributes
                0x0000008a       0x34 ./Core/Src/gpio.o
 .ARM.attributes
                0x000000be       0x34 ./Core/Src/keccakf1600.o
 .ARM.attributes
                0x000000f2       0x34 ./Core/Src/main.o
 .ARM.attributes
                0x00000126       0x34 ./Core/Src/ntt.o
 .ARM.attributes
                0x0000015a       0x34 ./Core/Src/packing.o
 .ARM.attributes
                0x0000018e       0x34 ./Core/Src/poly.o
 .ARM.attributes
                0x000001c2       0x34 ./Core/Src/polyvec.o
 .ARM.attributes
                0x000001f6       0x34 ./Core/Src/reduce.o
 .ARM.attributes
                0x0000022a       0x34 ./Core/Src/rng.o
 .ARM.attributes
                0x0000025e       0x34 ./Core/Src/rounding.o
 .ARM.attributes
                0x00000292       0x34 ./Core/Src/sign.o
 .ARM.attributes
                0x000002c6       0x34 ./Core/Src/stm32f4xx_hal_msp.o
 .ARM.attributes
                0x000002fa       0x34 ./Core/Src/stm32f4xx_it.o
 .ARM.attributes
                0x0000032e       0x34 ./Core/Src/symmetric-shake.o
 .ARM.attributes
                0x00000362       0x34 ./Core/Src/system_stm32f4xx.o
 .ARM.attributes
                0x00000396       0x34 ./Core/Src/usart.o
 .ARM.attributes
                0x000003ca       0x21 ./Core/Startup/startup_stm32f407vgtx.o
 .ARM.attributes
                0x000003eb       0x34 ./Drivers/STM32F4xx_HAL_Driver/Src/stm32f4xx_hal.o
 .ARM.attributes
                0x0000041f       0x34 ./Drivers/STM32F4xx_HAL_Driver/Src/stm32f4xx_hal_cortex.o
 .ARM.attributes
                0x00000453       0x34 ./Drivers/STM32F4xx_HAL_Driver/Src/stm32f4xx_hal_gpio.o
 .ARM.attributes
                0x00000487       0x34 ./Drivers/STM32F4xx_HAL_Driver/Src/stm32f4xx_hal_rcc.o
 .ARM.attributes
                0x000004bb       0x34 ./Drivers/STM32F4xx_HAL_Driver/Src/stm32f4xx_hal_uart.o
 .ARM.attributes
                0x000004ef       0x34 /home/lz/st/stm32cubeide_1.19.0/plugins/com.st.stm32cube.ide.mcu.externaltools.gnu-tools-for-stm32.13.3.rel1.linux64_1.0.0.202410170706/tools/bin/../lib/gcc/arm-none-eabi/13.3.1/../../../../arm-none-eabi/lib/thumb/v7e-m+fp/hard/libc_nano.a(libc_a-memset.o)
 .ARM.attributes
                0x00000523       0x34 /home/lz/st/stm32cubeide_1.19.0/plugins/com.st.stm32cube.ide.mcu.externaltools.gnu-tools-for-stm32.13.3.rel1.linux64_1.0.0.202410170706/tools/bin/../lib/gcc/arm-none-eabi/13.3.1/../../../../arm-none-eabi/lib/thumb/v7e-m+fp/hard/libc_nano.a(libc_a-init.o)
 .ARM.attributes
                0x00000557       0x34 /home/lz/st/stm32cubeide_1.19.0/plugins/com.st.stm32cube.ide.mcu.externaltools.gnu-tools-for-stm32.13.3.rel1.linux64_1.0.0.202410170706/tools/bin/../lib/gcc/arm-none-eabi/13.3.1/../../../../arm-none-eabi/lib/thumb/v7e-m+fp/hard/libc_nano.a(libc_a-memcpy-stub.o)
 .ARM.attributes
                0x0000058b       0x17 /home/lz/st/stm32cubeide_1.19.0/plugins/com.st.stm32cube.ide.mcu.externaltools.gnu-tools-for-stm32.13.3.rel1.linux64_1.0.0.202410170706/tools/bin/../lib/gcc/arm-none-eabi/13.3.1/../../../../arm-none-eabi/lib/thumb/v7e-m+fp/hard/libc_nano.a(libc_a-strlen.o)
 .ARM.attributes
                0x000005a2       0x22 /home/lz/st/stm32cubeide_1.19.0/plugins/com.st.stm32cube.ide.mcu.externaltools.gnu-tools-for-stm32.13.3.rel1.linux64_1.0.0.202410170706/tools/bin/../lib/gcc/arm-none-eabi/13.3.1/thumb/v7e-m+fp/hard/libgcc.a(_aeabi_uldivmod.o)
 .ARM.attributes
                0x000005c4       0x34 /home/lz/st/stm32cubeide_1.19.0/plugins/com.st.stm32cube.ide.mcu.externaltools.gnu-tools-for-stm32.13.3.rel1.linux64_1.0.0.202410170706/tools/bin/../lib/gcc/arm-none-eabi/13.3.1/thumb/v7e-m+fp/hard/libgcc.a(_udivmoddi4.o)
 .ARM.attributes
                0x000005f8       0x22 /home/lz/st/stm32cubeide_1.19.0/plugins/com.st.stm32cube.ide.mcu.externaltools.gnu-tools-for-stm32.13.3.rel1.linux64_1.0.0.202410170706/tools/bin/../lib/gcc/arm-none-eabi/13.3.1/thumb/v7e-m+fp/hard/libgcc.a(_dvmd_tls.o)
 .ARM.attributes
                0x0000061a       0x22 /home/lz/st/stm32cubeide_1.19.0/plugins/com.st.stm32cube.ide.mcu.externaltools.gnu-tools-for-stm32.13.3.rel1.linux64_1.0.0.202410170706/tools/bin/../lib/gcc/arm-none-eabi/13.3.1/thumb/v7e-m+fp/hard/crtn.o
OUTPUT(stm32f407vgt6_ref.elf elf32-littlearm)
LOAD linker stubs
LOAD /home/lz/st/stm32cubeide_1.19.0/plugins/com.st.stm32cube.ide.mcu.externaltools.gnu-tools-for-stm32.13.3.rel1.linux64_1.0.0.202410170706/tools/bin/../lib/gcc/arm-none-eabi/13.3.1/../../../../arm-none-eabi/lib/thumb/v7e-m+fp/hard/libc.a
LOAD /home/lz/st/stm32cubeide_1.19.0/plugins/com.st.stm32cube.ide.mcu.externaltools.gnu-tools-for-stm32.13.3.rel1.linux64_1.0.0.202410170706/tools/bin/../lib/gcc/arm-none-eabi/13.3.1/../../../../arm-none-eabi/lib/thumb/v7e-m+fp/hard/libm.a
LOAD /home/lz/st/stm32cubeide_1.19.0/plugins/com.st.stm32cube.ide.mcu.externaltools.gnu-tools-for-stm32.13.3.rel1.linux64_1.0.0.202410170706/tools/bin/../lib/gcc/arm-none-eabi/13.3.1/thumb/v7e-m+fp/hard/libgcc.a

.debug_info     0x00000000    0x12ee3
 .debug_info    0x00000000     0x2e86 ./Core/Src/fips202.o
 .debug_info    0x00002e86      0x41d ./Core/Src/gpio.o
 .debug_info    0x000032a3      0x63c ./Core/Src/keccakf1600.o
 .debug_info    0x000038df     0x1434 ./Core/Src/main.o
 .debug_info    0x00004d13      0x23b ./Core/Src/ntt.o
 .debug_info    0x00004f4e      0x686 ./Core/Src/packing.o
 .debug_info    0x000055d4     0x12a8 ./Core/Src/poly.o
 .debug_info    0x0000687c     0x10dc ./Core/Src/polyvec.o
 .debug_info    0x00007958      0x200 ./Core/Src/reduce.o
 .debug_info    0x00007b58      0x160 ./Core/Src/rng.o
 .debug_info    0x00007cb8      0x225 ./Core/Src/rounding.o
 .debug_info    0x00007edd     0x25f3 ./Core/Src/sign.o
 .debug_info    0x0000a4d0      0x265 ./Core/Src/stm32f4xx_hal_msp.o
 .debug_info    0x0000a735      0x114 ./Core/Src/stm32f4xx_it.o
 .debug_info    0x0000a849      0x328 ./Core/Src/symmetric-shake.o
 .debug_info    0x0000ab71      0x52b ./Core/Src/system_stm32f4xx.o
 .debug_info    0x0000b09c      0x979 ./Core/Src/usart.o
 .debug_info    0x0000ba15       0x30 ./Core/Startup/startup_stm32f407vgtx.o
 .debug_info    0x0000ba45      0xa1c ./Drivers/STM32F4xx_HAL_Driver/Src/stm32f4xx_hal.o
 .debug_info    0x0000c461     0x1023 ./Drivers/STM32F4xx_HAL_Driver/Src/stm32f4xx_hal_cortex.o
 .debug_info    0x0000d484      0x70c ./Drivers/STM32F4xx_HAL_Driver/Src/stm32f4xx_hal_gpio.o
 .debug_info    0x0000db90      0xae5 ./Drivers/STM32F4xx_HAL_Driver/Src/stm32f4xx_hal_rcc.o
 .debug_info    0x0000e675     0x486e ./Drivers/STM32F4xx_HAL_Driver/Src/stm32f4xx_hal_uart.o

.debug_abbrev   0x00000000     0x2df7
 .debug_abbrev  0x00000000      0x32f ./Core/Src/fips202.o
 .debug_abbrev  0x0000032f      0x16f ./Core/Src/gpio.o
 .debug_abbrev  0x0000049e       0xec ./Core/Src/keccakf1600.o
 .debug_abbrev  0x0000058a      0x329 ./Core/Src/main.o
 .debug_abbrev  0x000008b3      0x119 ./Core/Src/ntt.o
 .debug_abbrev  0x000009cc      0x143 ./Core/Src/packing.o
 .debug_abbrev  0x00000b0f      0x2eb ./Core/Src/poly.o
 .debug_abbrev  0x00000dfa      0x339 ./Core/Src/polyvec.o
 .debug_abbrev  0x00001133      0x125 ./Core/Src/reduce.o
 .debug_abbrev  0x00001258       0xfe ./Core/Src/rng.o
 .debug_abbrev  0x00001356      0x12a ./Core/Src/rounding.o
 .debug_abbrev  0x00001480      0x3af ./Core/Src/sign.o
 .debug_abbrev  0x0000182f       0xd6 ./Core/Src/stm32f4xx_hal_msp.o
 .debug_abbrev  0x00001905       0xb6 ./Core/Src/stm32f4xx_it.o
 .debug_abbrev  0x000019bb      0x11a ./Core/Src/symmetric-shake.o
 .debug_abbrev  0x00001ad5      0x120 ./Core/Src/system_stm32f4xx.o
 .debug_abbrev  0x00001bf5      0x231 ./Core/Src/usart.o
 .debug_abbrev  0x00001e26       0x24 ./Core/Startup/startup_stm32f407vgtx.o
 .debug_abbrev  0x00001e4a      0x285 ./Drivers/STM32F4xx_HAL_Driver/Src/stm32f4xx_hal.o
 .debug_abbrev  0x000020cf      0x388 ./Drivers/STM32F4xx_HAL_Driver/Src/stm32f4xx_hal_cortex.o
 .debug_abbrev  0x00002457      0x215 ./Drivers/STM32F4xx_HAL_Driver/Src/stm32f4xx_hal_gpio.o
 .debug_abbrev  0x0000266c      0x352 ./Drivers/STM32F4xx_HAL_Driver/Src/stm32f4xx_hal_rcc.o
 .debug_abbrev  0x000029be      0x439 ./Drivers/STM32F4xx_HAL_Driver/Src/stm32f4xx_hal_uart.o

.debug_loclists
                0x00000000     0xae00
 .debug_loclists
                0x00000000     0x1db7 ./Core/Src/fips202.o
 .debug_loclists
                0x00001db7     0x12d3 ./Core/Src/keccakf1600.o
 .debug_loclists
                0x0000308a       0x97 ./Core/Src/main.o
 .debug_loclists
                0x00003121      0x2bf ./Core/Src/ntt.o
 .debug_loclists
                0x000033e0      0x7ba ./Core/Src/packing.o
 .debug_loclists
                0x00003b9a     0x13f2 ./Core/Src/poly.o
 .debug_loclists
                0x00004f8c      0x71d ./Core/Src/polyvec.o
 .debug_loclists
                0x000056a9      0x192 ./Core/Src/reduce.o
 .debug_loclists
                0x0000583b       0xb0 ./Core/Src/rng.o
 .debug_loclists
                0x000058eb      0x45d ./Core/Src/rounding.o
 .debug_loclists
                0x00005d48      0xb30 ./Core/Src/sign.o
 .debug_loclists
                0x00006878       0x96 ./Core/Src/symmetric-shake.o
 .debug_loclists
                0x0000690e       0x7b ./Core/Src/system_stm32f4xx.o
 .debug_loclists
                0x00006989       0x46 ./Core/Src/usart.o
 .debug_loclists
                0x000069cf       0xf4 ./Drivers/STM32F4xx_HAL_Driver/Src/stm32f4xx_hal.o
 .debug_loclists
                0x00006ac3      0x5dd ./Drivers/STM32F4xx_HAL_Driver/Src/stm32f4xx_hal_cortex.o
 .debug_loclists
                0x000070a0      0x693 ./Drivers/STM32F4xx_HAL_Driver/Src/stm32f4xx_hal_gpio.o
 .debug_loclists
                0x00007733      0x390 ./Drivers/STM32F4xx_HAL_Driver/Src/stm32f4xx_hal_rcc.o
 .debug_loclists
                0x00007ac3     0x333d ./Drivers/STM32F4xx_HAL_Driver/Src/stm32f4xx_hal_uart.o

.debug_aranges  0x00000000      0xb00
 .debug_aranges
                0x00000000      0x198 ./Core/Src/fips202.o
 .debug_aranges
                0x00000198       0x20 ./Core/Src/gpio.o
 .debug_aranges
                0x000001b8       0x30 ./Core/Src/keccakf1600.o
 .debug_aranges
                0x000001e8       0x48 ./Core/Src/main.o
 .debug_aranges
                0x00000230       0x28 ./Core/Src/ntt.o
 .debug_aranges
                0x00000258       0x48 ./Core/Src/packing.o
 .debug_aranges
                0x000002a0       0xe8 ./Core/Src/poly.o
 .debug_aranges
                0x00000388       0xe8 ./Core/Src/polyvec.o
 .debug_aranges
                0x00000470       0x38 ./Core/Src/reduce.o
 .debug_aranges
                0x000004a8       0x30 ./Core/Src/rng.o
 .debug_aranges
                0x000004d8       0x38 ./Core/Src/rounding.o
 .debug_aranges
                0x00000510       0x60 ./Core/Src/sign.o
 .debug_aranges
                0x00000570       0x20 ./Core/Src/stm32f4xx_hal_msp.o
 .debug_aranges
                0x00000590       0x60 ./Core/Src/stm32f4xx_it.o
 .debug_aranges
                0x000005f0       0x28 ./Core/Src/symmetric-shake.o
 .debug_aranges
                0x00000618       0x28 ./Core/Src/system_stm32f4xx.o
 .debug_aranges
                0x00000640       0x30 ./Core/Src/usart.o
 .debug_aranges
                0x00000670       0x28 ./Core/Startup/startup_stm32f407vgtx.o
 .debug_aranges
                0x00000698       0xf0 ./Drivers/STM32F4xx_HAL_Driver/Src/stm32f4xx_hal.o
 .debug_aranges
                0x00000788       0xc0 ./Drivers/STM32F4xx_HAL_Driver/Src/stm32f4xx_hal_cortex.o
 .debug_aranges
                0x00000848       0x58 ./Drivers/STM32F4xx_HAL_Driver/Src/stm32f4xx_hal_gpio.o
 .debug_aranges
                0x000008a0       0x88 ./Drivers/STM32F4xx_HAL_Driver/Src/stm32f4xx_hal_rcc.o
 .debug_aranges
                0x00000928      0x1d8 ./Drivers/STM32F4xx_HAL_Driver/Src/stm32f4xx_hal_uart.o

.debug_rnglists
                0x00000000      0xd8a
 .debug_rnglists
                0x00000000      0x35a ./Core/Src/fips202.o
 .debug_rnglists
                0x0000035a       0x2e ./Core/Src/gpio.o
 .debug_rnglists
                0x00000388       0x20 ./Core/Src/keccakf1600.o
 .debug_rnglists
                0x000003a8       0xa2 ./Core/Src/main.o
 .debug_rnglists
                0x0000044a       0x1b ./Core/Src/ntt.o
 .debug_rnglists
                0x00000465       0x35 ./Core/Src/packing.o
 .debug_rnglists
                0x0000049a       0xfa ./Core/Src/poly.o
 .debug_rnglists
                0x00000594       0xa9 ./Core/Src/polyvec.o
 .debug_rnglists
                0x0000063d       0x40 ./Core/Src/reduce.o
 .debug_rnglists
                0x0000067d       0x2b ./Core/Src/rng.o
 .debug_rnglists
                0x000006a8       0x37 ./Core/Src/rounding.o
 .debug_rnglists
                0x000006df       0x59 ./Core/Src/sign.o
 .debug_rnglists
                0x00000738       0x1f ./Core/Src/stm32f4xx_hal_msp.o
 .debug_rnglists
                0x00000757       0x43 ./Core/Src/stm32f4xx_it.o
 .debug_rnglists
                0x0000079a       0x19 ./Core/Src/symmetric-shake.o
 .debug_rnglists
                0x000007b3       0x19 ./Core/Src/system_stm32f4xx.o
 .debug_rnglists
                0x000007cc       0x31 ./Core/Src/usart.o
 .debug_rnglists
                0x000007fd       0x19 ./Core/Startup/startup_stm32f407vgtx.o
 .debug_rnglists
                0x00000816       0xaf ./Drivers/STM32F4xx_HAL_Driver/Src/stm32f4xx_hal.o
 .debug_rnglists
                0x000008c5      0x100 ./Drivers/STM32F4xx_HAL_Driver/Src/stm32f4xx_hal_cortex.o
 .debug_rnglists
                0x000009c5       0x52 ./Drivers/STM32F4xx_HAL_Driver/Src/stm32f4xx_hal_gpio.o
 .debug_rnglists
                0x00000a17       0xca ./Drivers/STM32F4xx_HAL_Driver/Src/stm32f4xx_hal_rcc.o
 .debug_rnglists
                0x00000ae1      0x2a9 ./Drivers/STM32F4xx_HAL_Driver/Src/stm32f4xx_hal_uart.o

.debug_macro    0x00000000    0x2191a
 .debug_macro   0x00000000      0x163 ./Core/Src/fips202.o
 .debug_macro   0x00000163      0xad8 ./Core/Src/fips202.o
 .debug_macro   0x00000c3b      0x190 ./Core/Src/fips202.o
 .debug_macro   0x00000dcb       0x22 ./Core/Src/fips202.o
 .debug_macro   0x00000ded       0x8e ./Core/Src/fips202.o
 .debug_macro   0x00000e7b       0x51 ./Core/Src/fips202.o
 .debug_macro   0x00000ecc      0x103 ./Core/Src/fips202.o
 .debug_macro   0x00000fcf       0x6a ./Core/Src/fips202.o
 .debug_macro   0x00001039      0x1df ./Core/Src/fips202.o
 .debug_macro   0x00001218       0x61 ./Core/Src/fips202.o
 .debug_macro   0x00001279       0x2a ./Core/Src/fips202.o
 .debug_macro   0x000012a3       0x43 ./Core/Src/fips202.o
 .debug_macro   0x000012e6       0x34 ./Core/Src/fips202.o
 .debug_macro   0x0000131a      0x370 ./Core/Src/fips202.o
 .debug_macro   0x0000168a       0x16 ./Core/Src/fips202.o
 .debug_macro   0x000016a0       0x4a ./Core/Src/fips202.o
 .debug_macro   0x000016ea       0x34 ./Core/Src/fips202.o
 .debug_macro   0x0000171e       0x10 ./Core/Src/fips202.o
 .debug_macro   0x0000172e       0x58 ./Core/Src/fips202.o
 .debug_macro   0x00001786       0x8e ./Core/Src/fips202.o
 .debug_macro   0x00001814       0x1c ./Core/Src/fips202.o
 .debug_macro   0x00001830      0x185 ./Core/Src/fips202.o
 .debug_macro   0x000019b5       0x10 ./Core/Src/fips202.o
 .debug_macro   0x000019c5       0x3c ./Core/Src/fips202.o
 .debug_macro   0x00001a01       0x20 ./Core/Src/fips202.o
 .debug_macro   0x00001a21       0x22 ./Core/Src/fips202.o
 .debug_macro   0x00001a43      0x1ce ./Core/Src/gpio.o
 .debug_macro   0x00001c11      0x295 ./Core/Src/gpio.o
 .debug_macro   0x00001ea6       0x2e ./Core/Src/gpio.o
 .debug_macro   0x00001ed4       0x2f ./Core/Src/gpio.o
 .debug_macro   0x00001f03       0x1c ./Core/Src/gpio.o
 .debug_macro   0x00001f1f       0x22 ./Core/Src/gpio.o
 .debug_macro   0x00001f41       0xfb ./Core/Src/gpio.o
 .debug_macro   0x0000203c     0x1011 ./Core/Src/gpio.o
 .debug_macro   0x0000304d      0x11f ./Core/Src/gpio.o
 .debug_macro   0x0000316c    0x15ea5 ./Core/Src/gpio.o
 .debug_macro   0x00019011       0x6d ./Core/Src/gpio.o
 .debug_macro   0x0001907e     0x3693 ./Core/Src/gpio.o
 .debug_macro   0x0001c711       0x5c ./Core/Src/gpio.o
 .debug_macro   0x0001c76d      0x980 ./Core/Src/gpio.o
 .debug_macro   0x0001d0ed      0x9e9 ./Core/Src/gpio.o
 .debug_macro   0x0001dad6      0x115 ./Core/Src/gpio.o
 .debug_macro   0x0001dbeb      0x13e ./Core/Src/gpio.o
 .debug_macro   0x0001dd29       0xa5 ./Core/Src/gpio.o
 .debug_macro   0x0001ddce      0x174 ./Core/Src/gpio.o
 .debug_macro   0x0001df42      0x287 ./Core/Src/gpio.o
 .debug_macro   0x0001e1c9       0x5f ./Core/Src/gpio.o
 .debug_macro   0x0001e228      0x236 ./Core/Src/gpio.o
 .debug_macro   0x0001e45e      0x12c ./Core/Src/gpio.o
 .debug_macro   0x0001e58a      0x21e ./Core/Src/gpio.o
 .debug_macro   0x0001e7a8       0x2e ./Core/Src/gpio.o
 .debug_macro   0x0001e7d6      0x127 ./Core/Src/gpio.o
 .debug_macro   0x0001e8fd       0x7e ./Core/Src/gpio.o
 .debug_macro   0x0001e97b       0x89 ./Core/Src/gpio.o
 .debug_macro   0x0001ea04      0x2aa ./Core/Src/gpio.o
 .debug_macro   0x0001ecae      0x12d ./Core/Src/gpio.o
 .debug_macro   0x0001eddb       0xb9 ./Core/Src/keccakf1600.o
 .debug_macro   0x0001ee94      0x301 ./Core/Src/main.o
 .debug_macro   0x0001f195       0x16 ./Core/Src/main.o
 .debug_macro   0x0001f1ab       0x10 ./Core/Src/main.o
 .debug_macro   0x0001f1bb       0x16 ./Core/Src/main.o
 .debug_macro   0x0001f1d1       0x16 ./Core/Src/main.o
 .debug_macro   0x0001f1e7      0x146 ./Core/Src/main.o
 .debug_macro   0x0001f32d       0x1c ./Core/Src/main.o
 .debug_macro   0x0001f349       0x16 ./Core/Src/main.o
 .debug_macro   0x0001f35f      0x1fe ./Core/Src/ntt.o
 .debug_macro   0x0001f55d       0xa0 ./Core/Src/ntt.o
 .debug_macro   0x0001f5fd       0x16 ./Core/Src/ntt.o
 .debug_macro   0x0001f613      0x211 ./Core/Src/packing.o
 .debug_macro   0x0001f824      0x255 ./Core/Src/poly.o
 .debug_macro   0x0001fa79       0x34 ./Core/Src/poly.o
 .debug_macro   0x0001faad      0x203 ./Core/Src/polyvec.o
 .debug_macro   0x0001fcb0      0x1fa ./Core/Src/reduce.o
 .debug_macro   0x0001feaa       0x10 ./Core/Src/reduce.o
 .debug_macro   0x0001feba      0x16e ./Core/Src/rng.o
 .debug_macro   0x00020028       0x5b ./Core/Src/rng.o
 .debug_macro   0x00020083       0x94 ./Core/Src/rng.o
 .debug_macro   0x00020117       0x57 ./Core/Src/rng.o
 .debug_macro   0x0002016e       0x1c ./Core/Src/rng.o
 .debug_macro   0x0002018a       0x1c ./Core/Src/rng.o
 .debug_macro   0x000201a6      0x1f5 ./Core/Src/rounding.o
 .debug_macro   0x0002039b      0x327 ./Core/Src/sign.o
 .debug_macro   0x000206c2      0x1c4 ./Core/Src/stm32f4xx_hal_msp.o
 .debug_macro   0x00020886      0x1ce ./Core/Src/stm32f4xx_it.o
 .debug_macro   0x00020a54      0x211 ./Core/Src/symmetric-shake.o
 .debug_macro   0x00020c65      0x1ba ./Core/Src/system_stm32f4xx.o
 .debug_macro   0x00020e1f      0x1ce ./Core/Src/usart.o
 .debug_macro   0x00020fed      0x21a ./Drivers/STM32F4xx_HAL_Driver/Src/stm32f4xx_hal.o
 .debug_macro   0x00021207      0x1ba ./Drivers/STM32F4xx_HAL_Driver/Src/stm32f4xx_hal_cortex.o
 .debug_macro   0x000213c1      0x1c0 ./Drivers/STM32F4xx_HAL_Driver/Src/stm32f4xx_hal_gpio.o
 .debug_macro   0x00021581      0x1de ./Drivers/STM32F4xx_HAL_Driver/Src/stm32f4xx_hal_rcc.o
 .debug_macro   0x0002175f      0x1bb ./Drivers/STM32F4xx_HAL_Driver/Src/stm32f4xx_hal_uart.o

.debug_line     0x00000000    0x141be
 .debug_line    0x00000000     0x191c ./Core/Src/fips202.o
 .debug_line    0x0000191c      0x6b0 ./Core/Src/gpio.o
 .debug_line    0x00001fcc     0x12d9 ./Core/Src/keccakf1600.o
 .debug_line    0x000032a5      0xbd1 ./Core/Src/main.o
 .debug_line    0x00003e76      0x8a0 ./Core/Src/ntt.o
 .debug_line    0x00004716     0x14b6 ./Core/Src/packing.o
 .debug_line    0x00005bcc     0x16db ./Core/Src/poly.o
 .debug_line    0x000072a7      0xdc7 ./Core/Src/polyvec.o
 .debug_line    0x0000806e      0x750 ./Core/Src/reduce.o
 .debug_line    0x000087be      0x58f ./Core/Src/rng.o
 .debug_line    0x00008d4d      0x7eb ./Core/Src/rounding.o
 .debug_line    0x00009538      0xdb1 ./Core/Src/sign.o
 .debug_line    0x0000a2e9      0x67f ./Core/Src/stm32f4xx_hal_msp.o
 .debug_line    0x0000a968      0x72a ./Core/Src/stm32f4xx_it.o
 .debug_line    0x0000b092      0x6df ./Core/Src/symmetric-shake.o
 .debug_line    0x0000b771      0x701 ./Core/Src/system_stm32f4xx.o
 .debug_line    0x0000be72      0x756 ./Core/Src/usart.o
 .debug_line    0x0000c5c8       0x7a ./Core/Startup/startup_stm32f407vgtx.o
 .debug_line    0x0000c642      0xa1f ./Drivers/STM32F4xx_HAL_Driver/Src/stm32f4xx_hal.o
 .debug_line    0x0000d061      0xd01 ./Drivers/STM32F4xx_HAL_Driver/Src/stm32f4xx_hal_cortex.o
 .debug_line    0x0000dd62      0xefb ./Drivers/STM32F4xx_HAL_Driver/Src/stm32f4xx_hal_gpio.o
 .debug_line    0x0000ec5d     0x10e3 ./Drivers/STM32F4xx_HAL_Driver/Src/stm32f4xx_hal_rcc.o
 .debug_line    0x0000fd40     0x447e ./Drivers/STM32F4xx_HAL_Driver/Src/stm32f4xx_hal_uart.o

.debug_str      0x00000000    0xc41fc
 .debug_str     0x00000000    0xc41fc ./Core/Src/fips202.o
                               0x7945 (size before relaxing)
 .debug_str     0x000c41fc    0xbcf3d ./Core/Src/gpio.o
 .debug_str     0x000c41fc     0x4246 ./Core/Src/keccakf1600.o
 .debug_str     0x000c41fc    0xc0f6e ./Core/Src/main.o
 .debug_str     0x000c41fc    0xbd0e3 ./Core/Src/ntt.o
 .debug_str     0x000c41fc    0xbd27f ./Core/Src/packing.o
 .debug_str     0x000c41fc    0xbdb74 ./Core/Src/poly.o
 .debug_str     0x000c41fc    0xbd7e4 ./Core/Src/polyvec.o
 .debug_str     0x000c41fc    0xbd0e6 ./Core/Src/reduce.o
 .debug_str     0x000c41fc     0x7976 ./Core/Src/rng.o
 .debug_str     0x000c41fc    0xbd0ac ./Core/Src/rounding.o
 .debug_str     0x000c41fc    0xc13a4 ./Core/Src/sign.o
 .debug_str     0x000c41fc    0xbce72 ./Core/Src/stm32f4xx_hal_msp.o
 .debug_str     0x000c41fc    0xbcdf8 ./Core/Src/stm32f4xx_it.o
 .debug_str     0x000c41fc    0xbd434 ./Core/Src/symmetric-shake.o
 .debug_str     0x000c41fc    0xbcf22 ./Core/Src/system_stm32f4xx.o
 .debug_str     0x000c41fc    0xbd3fa ./Core/Src/usart.o
 .debug_str     0x000c41fc       0x7f ./Core/Startup/startup_stm32f407vgtx.o
 .debug_str     0x000c41fc    0xbdaa6 ./Drivers/STM32F4xx_HAL_Driver/Src/stm32f4xx_hal.o
 .debug_str     0x000c41fc    0xbd822 ./Drivers/STM32F4xx_HAL_Driver/Src/stm32f4xx_hal_cortex.o
 .debug_str     0x000c41fc    0xbd09d ./Drivers/STM32F4xx_HAL_Driver/Src/stm32f4xx_hal_gpio.o
 .debug_str     0x000c41fc    0xbd367 ./Drivers/STM32F4xx_HAL_Driver/Src/stm32f4xx_hal_rcc.o
 .debug_str     0x000c41fc    0xbd948 ./Drivers/STM32F4xx_HAL_Driver/Src/stm32f4xx_hal_uart.o

.comment        0x00000000       0x43
 .comment       0x00000000       0x43 ./Core/Src/fips202.o
                                 0x44 (size before relaxing)
 .comment       0x00000043       0x44 ./Core/Src/gpio.o
 .comment       0x00000043       0x44 ./Core/Src/keccakf1600.o
 .comment       0x00000043       0x44 ./Core/Src/main.o
 .comment       0x00000043       0x44 ./Core/Src/ntt.o
 .comment       0x00000043       0x44 ./Core/Src/packing.o
 .comment       0x00000043       0x44 ./Core/Src/poly.o
 .comment       0x00000043       0x44 ./Core/Src/polyvec.o
 .comment       0x00000043       0x44 ./Core/Src/reduce.o
 .comment       0x00000043       0x44 ./Core/Src/rng.o
 .comment       0x00000043       0x44 ./Core/Src/rounding.o
 .comment       0x00000043       0x44 ./Core/Src/sign.o
 .comment       0x00000043       0x44 ./Core/Src/stm32f4xx_hal_msp.o
 .comment       0x00000043       0x44 ./Core/Src/stm32f4xx_it.o
 .comment       0x00000043       0x44 ./Core/Src/symmetric-shake.o
 .comment       0x00000043       0x44 ./Core/Src/system_stm32f4xx.o
 .comment       0x00000043       0x44 ./Core/Src/usart.o
 .comment       0x00000043       0x44 ./Drivers/STM32F4xx_HAL_Driver/Src/stm32f4xx_hal.o
 .comment       0x00000043       0x44 ./Drivers/STM32F4xx_HAL_Driver/Src/stm32f4xx_hal_cortex.o
 .comment       0x00000043       0x44 ./Drivers/STM32F4xx_HAL_Driver/Src/stm32f4xx_hal_gpio.o
 .comment       0x00000043       0x44 ./Drivers/STM32F4xx_HAL_Driver/Src/stm32f4xx_hal_rcc.o
 .comment       0x00000043       0x44 ./Drivers/STM32F4xx_HAL_Driver/Src/stm32f4xx_hal_uart.o

.debug_frame    0x00000000     0x1f7c
 .debug_frame   0x00000000      0x5ac ./Core/Src/fips202.o
 .debug_frame   0x000005ac       0x30 ./Core/Src/gpio.o
 .debug_frame   0x000005dc       0x8c ./Core/Src/keccakf1600.o
 .debug_frame   0x00000668       0xdc ./Core/Src/main.o
 .debug_frame   0x00000744       0x6c ./Core/Src/ntt.o
 .debug_frame   0x000007b0       0xcc ./Core/Src/packing.o
 .debug_frame   0x0000087c      0x30c ./Core/Src/poly.o
 .debug_frame   0x00000b88      0x330 ./Core/Src/polyvec.o
 .debug_frame   0x00000eb8       0x5c ./Core/Src/reduce.o
 .debug_frame   0x00000f14       0x4c ./Core/Src/rng.o
 .debug_frame   0x00000f60       0x5c ./Core/Src/rounding.o
 .debug_frame   0x00000fbc      0x184 ./Core/Src/sign.o
 .debug_frame   0x00001140       0x28 ./Core/Src/stm32f4xx_hal_msp.o
 .debug_frame   0x00001168       0xa0 ./Core/Src/stm32f4xx_it.o
 .debug_frame   0x00001208       0x50 ./Core/Src/symmetric-shake.o
 .debug_frame   0x00001258       0x30 ./Core/Src/system_stm32f4xx.o
 .debug_frame   0x00001288       0x60 ./Core/Src/usart.o
 .debug_frame   0x000012e8      0x1f4 ./Drivers/STM32F4xx_HAL_Driver/Src/stm32f4xx_hal.o
 .debug_frame   0x000014dc      0x188 ./Drivers/STM32F4xx_HAL_Driver/Src/stm32f4xx_hal_cortex.o
 .debug_frame   0x00001664       0xe0 ./Drivers/STM32F4xx_HAL_Driver/Src/stm32f4xx_hal_gpio.o
 .debug_frame   0x00001744      0x178 ./Drivers/STM32F4xx_HAL_Driver/Src/stm32f4xx_hal_rcc.o
 .debug_frame   0x000018bc      0x5ec ./Drivers/STM32F4xx_HAL_Driver/Src/stm32f4xx_hal_uart.o
 .debug_frame   0x00001ea8       0x20 /home/lz/st/stm32cubeide_1.19.0/plugins/com.st.stm32cube.ide.mcu.externaltools.gnu-tools-for-stm32.13.3.rel1.linux64_1.0.0.202410170706/tools/bin/../lib/gcc/arm-none-eabi/13.3.1/../../../../arm-none-eabi/lib/thumb/v7e-m+fp/hard/libc_nano.a(libc_a-memset.o)
 .debug_frame   0x00001ec8       0x2c /home/lz/st/stm32cubeide_1.19.0/plugins/com.st.stm32cube.ide.mcu.externaltools.gnu-tools-for-stm32.13.3.rel1.linux64_1.0.0.202410170706/tools/bin/../lib/gcc/arm-none-eabi/13.3.1/../../../../arm-none-eabi/lib/thumb/v7e-m+fp/hard/libc_nano.a(libc_a-init.o)
 .debug_frame   0x00001ef4       0x28 /home/lz/st/stm32cubeide_1.19.0/plugins/com.st.stm32cube.ide.mcu.externaltools.gnu-tools-for-stm32.13.3.rel1.linux64_1.0.0.202410170706/tools/bin/../lib/gcc/arm-none-eabi/13.3.1/../../../../arm-none-eabi/lib/thumb/v7e-m+fp/hard/libc_nano.a(libc_a-memcpy-stub.o)
 .debug_frame   0x00001f1c       0x2c /home/lz/st/stm32cubeide_1.19.0/plugins/com.st.stm32cube.ide.mcu.externaltools.gnu-tools-for-stm32.13.3.rel1.linux64_1.0.0.202410170706/tools/bin/../lib/gcc/arm-none-eabi/13.3.1/thumb/v7e-m+fp/hard/libgcc.a(_aeabi_uldivmod.o)
 .debug_frame   0x00001f48       0x34 /home/lz/st/stm32cubeide_1.19.0/plugins/com.st.stm32cube.ide.mcu.externaltools.gnu-tools-for-stm32.13.3.rel1.linux64_1.0.0.202410170706/tools/bin/../lib/gcc/arm-none-eabi/13.3.1/thumb/v7e-m+fp/hard/libgcc.a(_udivmoddi4.o)

.debug_line_str
                0x00000000       0x63
 .debug_line_str
                0x00000000       0x63 ./Core/Startup/startup_stm32f407vgtx.o
